0050A409DAEE06C818F3B4CE914C09AB35F497F092D7B6D87DC4B213B6882AAB:evimage/large/large_ev55h.png
008C985F970B475E19C9CEAAE5DA13266C93F92FB6392B1ECF811C03F4BED91C:evimage/large/large_ev53k.png
00D0EE9621A8C3461BDD2D3BA59160C4A650A3598325DD4731ED9F524A3A7084:evimage/large/large_ev52a.png
011D1F2010D2B95E635D263439319F5C3A5F9160DDFFF0486E1A47AC83381158:evimage/ev02j.png
0134BEA8BAB209092BE2B02D17156C5CF6D91F5263C4B637550AB915CCE18144:evimage/ev53d.png
0139EE89686BC5A498A465E20FD9FBDB99F67E7B2497B3DADBBFFFCC5402FBD4:evimage/large/large_ev14f.png
015209361939D5A55ECE957699502226901DA20FA8B72C9299C4B87F8C7D7DEA:evimage/ev26r2_n.png
01C6EF28499BC2F2F108EB00061E782F809BEBE2C49AD0188D5ED0E92B7D8FB3:evimage/ev64g.png
0222AA94C37B7D56A818688F1F1D5417ECCC989F79252A8017FF8BBC22E36683:evimage/ev19d.png
0299598D95E4671C376455939444EDF9E5B6C4629198B3BDF5C9C60405AC7150:evimage/ev31j.png
02D21CD3652739417D9EF1E5ED68C4ECB084A4740D128DCEC0985CDA111CC87F:evimage/ev54d.png
02F13E5973620DC3FB4825641EB11F54DF569FDC5C0959F2D2E68D252268DDC2:evimage/large/large_ev64d.png
0327F3B5EF2D9D1F1E561342126F60DCF3E5A3968946A2D303FB1B015E344574:evimage/ev55a.png
032FEBD67DDC116D0AAD62BFAD3CABEC825D0A3AD0314B7FA0B9E1544A4C42C3:evimage/large/large_ev06d.png
03387F69DC3FEA7356451D5B964614178129EAA97E4AD27463E2369D9BB9FA48:evimage/ev29k.png
03876E4F6CAC793EEB34C422D35D9ED586119EC72C8932E38AFD1A1F2680D4F3:evimage/ev48b.png
039662A139A23C92C45E027F9E1AB6F1B3C34DA32937524DFEC0F935FD4586FA:evimage/ev46d.png
048568D3F3E1C0107E4632EA789D87ED475EA3D9124F04B404F731D7F0042CC0:evimage/ev66m.png
04DD4D0F55F03F368280055730C4D7AF47FDE73C1F1B8CA354ABA978D46D706C:evimage/ev13e.png
04F9DE590AD3D8AD34031E7FEDFFEC9B518834AA68A77C967F4EA28577996C3F:evimage/ev56b.png
0536557F22C100E24989512B87EB5F8CB650E18C42260C600904D0F139AA3E94:evimage/large/large_ev02m.png
05C0BA15E8F6B9CDFF6BCAC1F00669001CB7745635CDCA1536FC992F059FC92C:evimage/ev53i.png
05DEB947B40F34A6F8E60D7DC5D00F28C97FFF4213873865C4BA7DED277C4447:evimage/large/large_ev18i.png
062949615F25ECA4B369F9BBEA115137C743D042DB965EF743EEBB532D550EA9:evimage/ev63l.png
069F6B1DC00B9CA482F803386406C7411127B7A980E53EB74A5AE19B53EF1C90:evimage/ev57e.png
06B034F84758FEAB345A48788FF21B0A625DE0F1080044B944D8562C0A72E6F3:evimage/ev47u.png
06BC355983A272B60040B00522E6737433AF9D0911C192E36F03D556594A4A22:evimage/ev57r.png
06D5D97D80934E1D00F2B2E2AB713B7CFB4B945E8D5BA94309FA551FD3BD782E:evimage/ev66h.png
074AF4771C13308D5D0028AE59774D6B92F4B5BA270B12D09E0A56E3E4F1560B:evimage/ev09j.png
07651BE6DBED980C7AAF25F688855CBFCD8E28852F58B6C90464091770E6F0A9:evimage/ev10f.png
07C4ACD892876FA21F9502E9868353DE92A7C21C44CE511792D06F7D9A6BAF48:evimage/ev11e.png
081F84397CF779151B271AA862D3DE6CD0B58F92AB0541FE0D3537580EF08002:evimage/large/large_ev23e.png
0834D0878229A838F09F59874C63A14F9DB117422125FFB9D3130ECA14D1181B:evimage/large/large_ev60g.png
0837394A5914E4DC48ABDCFE1979C8E209BD38340B47B6A8A5002393606D72CB:evimage/large/large_ev13g.png
08BDB75E222AE4EE355B3A35D9822146438C52634C9CE85FA1C4FC9F7AD0B3A7:evimage/large/large_ev06a.png
08DA1CFE4E9E6DD12C5F989600D8DE61B2AD9B7A217710A25EA328285CD8FA07:evimage/ev26d.png
08DD6C16DAD84D5439472B4DC75E3F8C5F55DD9FF5AE5E7A93B778E07ABBBE2A:evimage/large/large_ev23c.png
09937AAE724B58B7038D05CA84B8CD08D5DCA7844EC5119FB62C4B2711EE36FC:evimage/large/large_ev11f.png
09D584CB586FC01B0FA8B64A7E774596FD877F981C5BC80D4CA2D7D1C51E340D:evimage/ev53h.png
09EA8013F676C0343DEE1F2FFA76B392993C3905990BEC90D2EB08049EC819CF:evimage/large/large_ev25c.png
09F50301C35AA76D381105EBDADBDE520EE330DA039BD5836B91F5AB5C1AC54B:evimage/large/large_ev03c.png
0A05C031967E5E9A7083C0EF4BF0726649ABECAE097D14F77E729CAD95AAE764:evimage/ev47a.png
0A574027CBBC491D961CD27C427916CA2F36B48B418967F2A96288924BF93B77:evimage/ev27f.png
0BAD6D9AFB6A4DE6DA091B801B85BDE9795A568A1E4A183FCE861AB932604477:evimage/large/large_ev36c.png
0BC413C7EB15A29A8207507826EDF791C71C46617403F9D154E79D3DA49E3BEA:evimage/ev24i.png
0BC6652F6CF20ACA3379AB13005F703A96018205EBAE4842E3D6176014CC3189:evimage/ev58c.png
0BF8E9C02E810D6022398175E0323378CF80DFFB52EC0190D901F2F26A0C6AE6:evimage/ev14d.png
0C1C4D9766AB6F8BDFC1A69FA37631AB53F0333BA4220C4B516AAD14F000A937:evimage/large/large_ev55g.png
0C7C5AFC731F1DEA6F66EBCABCC818680059C7B1FAEEF7061FCEB46AAFF359D5:evimage/large/large_ev02d.png
0CB09F772F94DCBE11C378274E2F9F9A0FA6942FB0DF5AAF82277032A0A0DC8C:evimage/ev54f.png
0CC9789B8E0A9179FD42C1345C7957A30B19D2A58A52F9E004975010C57F1725:evimage/ev36a.png
0D4FF8AF2A7BE56141BEB89E2549099102E8AD9D2ED50259164A799DEE139007:evimage/ev28u.png
0DAE92FF129D67CEB7750F5DAE450C72B9A3F7B0E51CC0FFC5EACBED7E2EA0A8:evimage/large/large_ev13h.png
0E494D86198B0FE9E105E4E6A153C58B9292A91E7051AE7D3CAF1F9E5C807CDF:evimage/ev01l.png
0E67624F8621C37E9A6BBFD1A3DBC5C33D8F75FCDFAF07C40D4D5C55225482C6:evimage/large/large_ev19j.png
0E9D8C25237BED560C52126D75E7D12C315A099E7C2F7B522A95582004F1DAE8:evimage/large/large_ev28e.png
0F256964B3EA175D9691E0631658079D7E5DE67A2F78692B1C00A4B7E9B2E034:evimage/large/large_ev64i.png
0F60362EBD59DC525858C57AD7034A714002853A91F789725B5FC4F7461D98B4:evimage/large/large_ev02e.png
102DB71CBD516D1346CC6E2C87B209E81ED84F69689DCE954D9AF7CBB5F98E32:evimage/ev28t.png
109C5DDDCD38A4EAA09E5E50E4A5036BE80398816C6096C41554B9A21F04FA31:evimage/large/large_ev10b.png
10BEBD36745F869EF5594FF5C8C1F7D14B3C8BB679B3A7DBD577E5EC24FCAA56:evimage/ev06a.png
1100506AB5213AD76F5FC9838B92DA5E489B3CBB5A535170E4D863AC36935CED:evimage/large/large_ev21d.png
112D43A642867804DA2D520464EFE868783F1FBC9753EE0A64908E0FAC594B28:evimage/large/large_ev05b.png
117E2035DB5EDF9844A50766A70D25A715785A7713E5DF3FA8332DC5C1780991:evimage/large/large_ev19n.png
11971ACDE1A7E6C666B8802207A428D9E21444C4CD8970FE1A0195749384B231:evimage/large/large_ev28i.png
1244F0DAB8CEEF6E2F4BCEB9CF64F23226BE13A58F92C71A8C8596B2F73136AE:evimage/ev15a.png
12741E40AD851C021874B1AD7EAF1A7F644584F78BF05CE811E1A3DD90578E78:evimage/ev41a.png
127BF37ADEEB3D32ADDBD283B1070FCBEEA8C909CB664F8A498DCF3EBB6DE1F0:evimage/ev15n.png
130869BAD0172EFA85EB01264CA1E22D49094F6170E3F66CC260E36BFEA23C5C:evimage/ev29e.png
1338D8625E43420B73113CB1A010002C218E62DB37D86F76BF8871383B415F4D:evimage/large/large_ev10d.png
1347DACF207F565436557A94580D63DA2AAC02C8E6F0AA636BF2455FE910054A:evimage/large/large_ev21n.png
134D8785DEF1F1234B2609F0EABE95E951EC6300A3BAF3BF9CD745A680CB3CEA:evimage/ev04b.png
136D8C4125A95D6751DFF145418596C902857E933B8019938C3C6A3E75FDCEE3:evimage/large/large_ev23f.png
1401AF4DF1D0A65A57F0EACEF9007CC2C050C38DF75993E8AEFF882A735D66F9:evimage/large/large_ev02b.png
1442CC065D6ADE642102BF8C5CA7E2ADF11E49E4B046D4847B2B22BE7AE5D4CF:evimage/large/large_ev60m.png
14C76DB0E20E2E1D831F8D53A6D1473A8E2EB8065140567A3CC9AB57DCD63FE3:evimage/ev28a.png
14DCA961C757D81358301C36735B51B61CCA78467D5FF18EEF7FA9994F4EF590:evimage/large/large_ev05i.png
153E1392C276C2B8759BEE71DB19546D1583621922B35F5B3B577D6D342F92A2:evimage/ev55j.png
15B59F64704BDBEFAEE28F09C1DBD85A3E3D7F38D992CBC8E8EC5E106B25B09C:evimage/ev02l.png
15E169F6050AF5A9FBF9D4C5F456AD76B50447BE1D63FA44BB373383ACFD733B:evimage/large/large_ev11b.png
16072D8871E9D4F50B11AF4D24A50BA33FC7C6182DC1B28435CB0D6C570EB08F:evimage/ev58a.png
160A4E2715F0D739B6C67835DBF299B1A1F670069B2343D03DA31DBFFE372DB9:evimage/ev02h.png
166FE48C86EDD5B49C6D939447504C133DBCF5C53894B9852CF88F99F72669DD:evimage/large/large_ev10e.png
1774A9F301E0DE50D0E4A7EEF2F6A3842EBF3AC478907AD971FD5D5416CAB25D:evimage/ev11k.png
177C9BDB1EF92A506024C0F45595B1D134073EB7575B00C3AFD694EE6569480B:evimage/large/large_ev11a.png
1835D8A00A41099C8F5F0BDC077AE94BACEDB2961F872D46B2D8A4AB050AF157:evimage/ev57n.png
1848FB7BC49AD18318F52E084B92FB4CDD174E2E80E04F39DA7865D5FCE9E3D5:evimage/ev29m.png
18C03623DD454AA4609DED07ADBB10D4A839FB3337D00270D68A669AA5C282DA:evimage/ev10g.png
18C9F7959AEA8BD943E299383C0529A0086352E6FE5870F18D2BA902BFEF60FB:evimage/ev52f.png
18E7EE4A6E1335F4:evimage/large/
18E927FBB374CA053787C443C3C10E0DF88AEA831C09530162DA38269FE8E9DD:evimage/large/large_ev26a.png
193907DB034442002124636FB388717759B5EE9FE10B302758D14ADE170C5717:evimage/ev29l.png
194A5D673B48E358A6E75B6C56ABB75BE5CCFC4EEB36F9972FF38A38D3B9F4F5:evimage/ev28s.png
194A769DA80864495A61968AC366E5F842ED1041025E929E7B4732925DD428DA:evimage/large/large_ev21j.png
19B4614AF1ABA89ADE8712667347FE4283AA42B581F01AF306B31616C4B8B633:evimage/ev26h_n.png
19D1616D30F6D76BECFE0E28226D628E264A4D2D04F6AD20226D597304D7FB81:evimage/large/large_ev13c.png
1A1AC60D949A9E7ED236C160F7977070621E8E95F0770F334A13984BFAED6795:evimage/ev13d.png
1A5216B53D986D7FE06D414D6D8EF86E0CDED085AF1572CA65DA7953D3B3F6EF:evimage/large/large_ev03b.png
1A6115E97FF42F494580D49696750ED36443D9C2EE61820523326A5334796525:evimage/ev65e.png
1A9D123DA9A9CA4A69D9CA299E27C1858615278637908770DA89BCE783C43016:evimage/ev05f.png
1AD31ABA7B7358E125CC86C1D511CA151A5AF21E6EC67737A1B4E9F8A3776550:evimage/ev41j.png
1ADB49DBDE7B12C64D1355C5B9A2FB6ABBA3E346E96F228E55102981C198DBDF:evimage/ev35c.png
1B5AC2ABC659C66E1E9C67B6169818DD7E16B50C3D81E443CC0C34C2BC18E995:evimage/ev53a.png
1B5F5E63A0A31250A568BD08CC7DA80890DA82938A6C50C12F06D0FAC147B016:evimage/ev60a.png
1C3CEBE5AA7D6499C8F8580EE3880356BB56FFC728C00BE979BE5CBA3E3BC085:evimage/ev28l.png
1D4C1C033A3A8B57F3A499E204BA7409F85AFDE366102AE13377A84CB0436DD0:evimage/large/large_ev34a.png
1D6B777960E7240F09805E981631257CB9BC5DF4EBC29559D09B57ED6F1D86EE:evimage/ev31n.png
1D8A404CAD41ECBAE8BCFA37D081FD405ED9629CF5B2D020A6323E4E18D1A3E4:evimage/ev04c.png
1DBD336D44045E577D52EB747353F60CD932928988A6EE6987337782828ACA4F:evimage/ev30h.png
1DD46C47F33AB0F529BE1866D9D6364FFAC3858CBB6C0EF761F60FFFD663DBD6:evimage/ev19f.png
1E0C6F538017CBE3236379CF56FA310C976802D453FC1CC4337EB53AB7F8D5A7:evimage/ev27j.png
1E294189902F95E114EAABA3C737878DEAEE0D554B5DA80A015E633F73545018:evimage/ev28d.png
1E6A6543EA5EBAA3C9E2B7722697160DE374474FFFE4F35ECB9DDB3B47AC8ADE:evimage/large/large_ev28f.png
1E9B1D13F544002D6F8BB31E3A6470D8F9CA6CA30C10AD8BBFBDF0EE94A6BC41:evimage/ev15d.png
1EA0D28168069D309195B5C676BAD6665180EFB79A9450A3DA51EC24FC78FF02:evimage/ev66a.png
1EB85347E7D49FDC4BD10536F328DC9B41F2ECEA9905706B9EA03E1563EF61CD:evimage/large/large_ev26d_n.png
1EC5B4E649B11C0555381301926529833371C62CD8C8D199315CCD18C96139DC:evimage/large/large_ev15m.png
1EDF54F37FD49800C5E6E9204C5BFD0395689EAC856DCC2502423281588B7349:evimage/ev61b.png
1F4102C1CF95C1EDCB49ED3E6E373BED0BB25B8094BB700047A5A17FB9FE612F:evimage/ev15u.png
1F629D30B70025ADCB7C0CF1C01B4430D640FE4E7E97EDF75A20D210B19C7B99:evimage/ev09g.png
1F965CAD3F2C23ED2EE5654601B71B7C70558BE8574372DB250F3BD63D240DD9:evimage/large/large_ev18b.png
1FA797359C6A6E535ED8D2DBCB5722DAF5F465195D303E9419D4DA265E66A51D:evimage/ev47g.png
1FC39019CDF890EE5A747D65DF6DE959CD8A0D7BE0E0AC863362AD2596D09F06:evimage/ev57f.png
200EA0BAD2782164CE17AC30A507455F931B36B49DD63272BC35F4619896D4FC:evimage/ev51e.png
202C00DA424A8A41023E7764055426B8A34E81A4F389E737C04CEFAA304FE754:evimage/ev03c.png
2031A755D8B5D2B1CD7A6B2B1721556AE397CA6092465DD8AAD93F3189241CA5:evimage/ev55c.png
205A58CC2AD3662F1EC085C695EA6755AC442FDE27A79F2855894FF18F703982:evimage/large/large_ev22h.png
205FD85D0E034A60D7F031FCC043DEAD9B32F97377B6875283E644875A99A2D3:evimage/large/large_ev25h.png
20E32ABFA9EF7457780BF3DD19A1DD2D68CFF2860371DDBE99E4D5993C8E71A5:evimage/ev27l.png
211A8DD4E1CE839E19D30FE6D3F27AE8AF72C111C8012FF4D8CBB48FC675CFE1:evimage/ev22b.png
212FDD3FB93A69158DCF51D1168238C432C5A98BFE46960A781DEDFC8709D869:evimage/ev63j.png
2131006A70E08900204FBEB07B51B26759779543D609E69294F095E61C08E3CE:evimage/ev15l.png
217584FC096F4EED2CB4AF375155AD23E07B6EB92B52A40964741A5EC87AB246:evimage/ev11c.png
21F50768A53D1F6982E74DC58E05132348267E6F25C9449AA2099B9090A629CF:evimage/ev60e.png
2255F55E6C7592DF623B64264DC8A4F2C5A01356447C9AF0B25DE013F27BEF7A:evimage/large/large_ev18k.png
22B59B4F48D056209BD95E3D732D5950906943684D36EFD21E7AB4C6966688CA:evimage/ev26a.png
22C135A00F4005AE04624D897657CDC8036914895336267102BAFA88A7D7F48B:evimage/ev66c.png
2306AAD5CE3F53880F2F24A29549B0D1DF3CBCEABD2DAB76C5422FE9D2BEEDEA:evimage/ev59g.png
23356A7D341A4B60258600B3D7E61774E4E1DA7BE8C70B6677C6E1F8E4E628CA:evimage/ev65c.png
2356CCE94890D9C700C59D11BFB5BBE980281423C4274601AC6A99D1BA97CD2A:evimage/ev54a.png
240451011675DD5F439CCD35EFEBBBF56DBDE3DA4F9987039E5672E4BF0A9DC1:evimage/ev60f.png
244C06BD164FFECC2847B6BD7534CDBBA5F1C9F4BB540E2D09D96910CB96B43C:evimage/large/large_ev28o.png
2488525E218B5198723B727A8B4278C06BE03D248FE2135738F5B29B6426D1C0:evimage/ev63c.png
24C9BD5A3F03B0CBA425E3E3CC2F62C2FA17563FF2D7079648000300976D1202:evimage/ev32a.png
24EDAD26DDDB8123D6C47E263A69C2F81D14E3C1E5E405E8FA147A41B3E6B841:evimage/ev35b.png
25B37CD0AD0EECD828CE6CC9E3B569DC014F6C5414B69AF206497477ED952EAA:evimage/large/large_ev18r.png
25D99FDBA0B1D024410AEDBAA504EA2F7D3C293E3D7BC3B33B32D7264373ADC5:evimage/ev14i.png
26A37F2B746EED61630DFB4266C3C50FB5EFDC9D81BF855D572EFD9D012500C7:evimage/large/large_ev52e.png
26EDA7C51849918C5BD8A25C13FE1FAAB495E5767BD49ACBE8693568D324643D:evimage/ev65i.png
271D5DA4E62AD7C7F60B6BFB22878D4A22078C59DFFD63AE6F36B73C0124787F:evimage/large/large_ev49a.png
27DA3EF60626BBE77734B98977E95A843072CB473EE8DE5E42B384B3460D0564:evimage/large/large_ev25b.png
2801E6D350DCCBC8DDB61F91C0CE3A674BE18AD9D28A15FCD9AADE1C36270A53:evimage/ev21d.png
284666839EB9EE26D046AC84595C451FBD2CAE1E7B10F80ED66A3398316E7B32:evimage/ev57m.png
28A5B363D11A2CA26D1B1CBA1C8A77C5C3456F5276145107EF5603673529078F:evimage/ev21e.png
28C7F80BA900D30E23F21E8DEF3BABA8E6E2A11EE5A1CB08504C91ABECF9DDD2:evimage/ev57i.png
2A01E639560AA6EAEDE7A20403F9521C50E645F28C7A706006D6B84F2EA5392A:evimage/ev66l.png
2A250428C7CDF697D8EBF1FB7C582D55351326C23528FD2C835DB60E3DE4FD72:evimage/ev10j.png
2A27A97BFB55FF6EAABA96CA38D2D2546E4A8A6A35D8297F547F08AD623E4026:evimage/large/large_ev57m.png
2A2E6D72F876EBA0D8AD5AE4AFC52CE99EED17CFE12E00CB3237B5F975D71B0E:evimage/ev47z.png
2A5322A4C4C19647E360E2391F7E4BF4E09995BE979023783104DAF33E753BB3:evimage/large/large_ev15r.png
2A8FBC9378C0260D89CC9D786750155E03009934E6C4FA20233F09E72BB83535:evimage/large/large_ev01f.png
2A99DC4A37B1F7316952077BED422E938F8E4E139882549A99117C43D21523BC:evimage/large/large_ev19g.png
2AA00750A26C4B67F3C732AEACDE9B46D9895797280AF2E55ADEE7840EB4BC64:evimage/ev46i.png
2B9FDD2E9B4D8B37450D2B1F15747D739A61DCAADD73B0CBBD5BAA3F2B9F8413:evimage/ev41c.png
2BAF6F3197C9C0EC1B70E493DE0D065D6663A3C98E89144B136274EA0E4CAB38:evimage/ev12b.png
2BE2618F60C599365D6258489E14A1BA3E72382D8BB62CA20F07F272E3A90768:evimage/large/large_ev18s.png
2C10271DA40FE4772028FD3D882082E72C378D6E50630C7134A38F0CAB07DA3D:evimage/ev01f.png
2C15FB8F20204C4FA72EC0EA97A8B4056E699137C9567C9CF26BEE85056B75D6:evimage/ev18h.png
2C18FCF5CEA972965B8C28DCED38C1A640EB70B812A0EC314AB7CC333DA365DB:evimage/ev31o.png
2C65CD3EC287D3B0D2EF89D3DA8428D3834412A9A1B56E9CDF4BBE00636802B7:evimage/large/large_ev14i.png
2CA71A0F77D87E99CF41EDC0CA0CF8B80BA91450A2136E01AB9C8B053CFA038B:evimage/large/large_ev15s.png
2CA88D450D262FB98A70EB4F322F89ECF83B37E5E7C84196365FC50D40C550B0:evimage/ev41b.png
2CBDEE03253DF5B2A26F615493FEBC12E723198BD45B20C6F3AD7B60CDEC47C3:evimage/ev05d.png
2D58D5FC242346000D21F76B7CEB8429CE00ABF67CA845BF8358441B24A6B3A5:evimage/large/large_ev66f.png
2E1A91BCEAEA529FC576BDA6362C99257FE12DA0527269A659045371858AB689:evimage/large/large_ev26d.png
2E3F3468C61F28C9024EEE92F470B3BD2991D21751FE712EAA4248F6A4E9DE0A:evimage/ev53e.png
2E5D72822CA4543C0CDF8013FA64A1D0D55B678AFEBB2EFD19916D2987BD96F1:evimage/ev55h.png
2E9DFE8A9BFB8A130E9F1C931CDD0D85E6B00344A6A67BC7C051BFEF8E749E3D:evimage/ev66i.png
2F1821725D6944C864A1154053EF09A726841375055168ADD2E2D1BA3EB25ABB:evimage/large/large_ev01h.png
2F5A63C1D87D13B92F3C7B56A6E3A86390DFE338AF4BB82B0592D15C715C6AC7:evimage/ev29p.png
2FDEBA6F44B9973756497F44BADA795DAC4A168922BCCA8B571A684360139DC5:evimage/ev32d.png
309F3FA3829FC00C7B4FE372D808D60454384C53C3C181CCF062820501253F1A:evimage/ev25f.png
30E3968B0EB89E76064F95E41B80965FB9BF1AE47637D9201D2F273327214E87:evimage/large/large_ev02l.png
3129221E80CFA59389625816BEAFF98B5794F9FC2DC73F06E7451ABCE44D205C:evimage/ev05b.png
316C07B83566FA5DC900478E74FB69F3F36E6B30C2B7551229D67C1AE897DC82:evimage/ev11f.png
31970C1F88334487654A6B8448556A5F76D935C97FE10BDB7B8F450C7A3258F1:evimage/ev02a.png
31E74C4D44C54923DE34D8D83E73B41A284E75DA5B816A3EEF230BC8C6870F24:evimage/ev19c.png
32128B5165409ACF85EBF57A298694FEFC7772BF0E9F4DB6DCD78166729345CD:evimage/ev26a_n.png
3229F4C811D15DDF7F6D8428401E16F9F3BDCF96E1528C888FF554B918B57E98:evimage/ev13f.png
322D426C0D6ACF501C5586AD65E57EC46992C7F3D820C2599FDD4392C67B3D69:evimage/ev11m.png
32A78DCB49760ACDCE517D15499157A8F429B65E12ACAEB6332CE4D696979667:evimage/ev57d.png
32A8A8D08BCB64A2668C0E2144166FAE77A5CABD97AC9F400403066A891E9A5C:evimage/large/large_ev57h.png
32EE6855C987A80E9B6C7D7CB1AFAFDD89C6776E47DE8D2B4F1E0501E3DBC924:evimage/large/large_ev54j.png
331C6553F6C9C8AFC7B2841B7929BBA94B1262A902B82A820167762B93998F5D:evimage/large/large_ev11e.png
33BFC00C6A4FBABD00226270D78CB807DE26CC79D29D7456B226A0056464CDA0:evimage/large/large_ev18d.png
33E346D6F0D2CEF6DE4C4CC30F966B5D2CE8318D713A91AC69486D395F123700:evimage/ev40d.png
346ECD578D0FD65C0DC99802D5AD521917EBD0565298EF4C5BB924A891E6D57F:evimage/large/large_ev15x.png
3503ECAE1165F0DAEAB991261906A7797CDE662870C923185A6B5E78B73FAF0B:evimage/ev09h.png
352EF7B4A83464DEBC60D1EB7A46E3BB7489FFEEE13955518B8F075409DDD5D9:evimage/large/large_ev26h.png
35C24307E800F6F70745BE6B37679F5E31F99A6C9C0C40FA6A77527542CCDCEF:evimage/ev21b.png
365B1CFC4C150589985A8876DA3CC76AA91E52CA2421B3A15E15CC106CCFC0D5:evimage/large/large_ev28g.png
3663CDD8B545D2F3CFDC3FC35C6ABC8158A5BC21985FC1D7A07B80922E03567B:evimage/large/large_ev01a.png
3665BD262F52777089546A9B0DA59D4C94674C5BE99964CB20022E1B49AD8810:evimage/ev63p.png
366F8000AF6634543B71D4A88B661318BD7A82C0560F707BD6B585A70CCF4734:evimage/ev23b.png
36D7E5F486B6F13CD7CD7691BEAB7128E2AAE849F8D749161803EF1BB953801F:evimage/ev32i.png
36FF76303A9CC04A9AE8297A04C950AE58E6807645AFF1C8497BE79DD329CEB0:evimage/large/large_ev55c.png
3713448601C142D309695AAE519BAF75E224F91920F8E9E8692940C3E198B922:evimage/large/large_ev44a.png
376AA02BA670D6DFB39032B058BAD3F599C017EB1954D7A00B7FC1E1BFC83BED:evimage/ev67c.png
379F606E96507583360BA4DDC1260C1D9AEE8074C2339A51BB3193E5A66B4002:evimage/large/large_ev60k.png
37ABF998194A94B0545D08BB10DA22A6FF7DFEF88F3B1062FFFF18CDAE0C7AA6:evimage/large/large_ev57f.png
37E84C331B67B1DE4E38926B9B46A8D5D62F046D235496664F1CEB6D2220AC6F:evimage/ev11a.png
3858958D77D86A96BC36BE8017C88B4BE53A82E52342300E4DBE6AF9228DE25F:evimage/large/large_ev19c.png
38A319DCA1DC94A6732FE13B019A767614809E2894B5D6A94E4B350407A024C9:evimage/ev02c.png
38B248497C41B9ABA6134D2C75D04EBD5CCD0FC969730F48553FAF93A8C6583D:evimage/large/large_ev11k.png
38D54CA48F1354FDE780B2AFC741BA2020AF74CBCDD3A1C722E86516BBB8F16E:evimage/ev13i.png
3935348C8E595384C7B5216ACA6515BED6430784EFF46AF7A960532C59780E7C:evimage/ev28n.png
3955942EF1BD233B0E96157B8380FE191D617557EA0C6BD2178659D15B670DC3:evimage/ev22f.png
39EBC56D837F3A15F4E2DE1215C18584DC13E67D6FF30509DEFDF99675705A88:evimage/large/large_ev10a.png
3A0A35C96BABF8640F896F3B858D7A467045DFB15FA190FDD31783D02FC0533E:evimage/large/large_ev64g.png
3A1629B4A8B1A5D74DEDC531F5179CB46EAC2087866248424471CB2F50DFDE7B:evimage/ev14g.png
3A36FC38EF9BC05D3F01E0CF58BD314521776008BD8DF89B71702FEFDF590DD3:evimage/ev56l.png
3B2D62EB2AECB75C64404FAB5E09DC445D73E6279BA4AF77192C09F94A0289E1:evimage/large/large_ev15c.png
3B349D0F25232287175F4C309FC74F25FD81A839E72FA7DFF7F85FCE520DE9F8:evimage/large/large_ev57a.png
3B959F832C14978016310EFBFA69030D83991ADDE6C77ADF3CA8B82257196EC6:evimage/large/large_ev15d.png
3BA6F3E2C60BA7B0E33EE98D1D66F32331B5F4C6F0E88DD66061C3983A94596A:evimage/ev55g.png
3BB88EB54DC6DE134E0958AC91B4DC9DD46EDCE39E4F1A46406F064AC69D1526:evimage/large/large_ev06c.png
3BD1824CBCE7122C8A0A418F4AB170C9C675842910057177EC0688F971EAA399:evimage/ev41d.png
3BDBBFBDA4D4DF0E50810632E5AE5C325EC2873C0682747CC7A9DC1188CCE687:evimage/large/large_ev60f.png
3BF65A01693CF64B70E71894F7E65BD6C0C28EAF670F29F085CD4385F2973552:evimage/ev28q.png
3C033B72FBD3620CC12057EF38100B9567587C19F2A6CE468B9B5EAD45923890:evimage/ev65b.png
3CDA52C7A294149B3B0509E4C47103579E01241F643BBF8AE5C162749956008C:evimage/ev48c.png
3CE772007463F68CA7802DFBA86970CD037BFBED129EF6509A0D98B0E695598D:evimage/ev42f.png
3D2FA5934D7702A0638740FC0A2616FC7B456DB0AFA4BB1AE6664105F507A8B4:evimage/ev22g.png
3D77C4DAA1190DFCC5631980EF8296FA6EC22EEAD4C54250615A69E4CFDC157D:evimage/ev24a.png
3EA6DB33DA73ABA08592945F4350EEDBBB57707CC7BF556DF3D2FAEA2390500A:evimage/large/large_ev04a.png
3F0F26B1AC922C27E2631486ECE4484D77CFBEAB65884EB06B336278DC956A31:evimage/ev64a.png
3FB1CCD087A3B244DECA89B41FE7A8D42A7BD0CB223D789B035146D435937994:evimage/large/large_ev57j.png
3FD91FB0AFFFE8070D7C293D8F462E880620B01F09F89B32FC4977D250D77996:evimage/ev10c.png
4090CE24594CA1CB0362B8BFD4014DFF82C211C14F2EFAC645D58F5E9187B84E:evimage/ev31m.png
40C3C3B0C39B0DE3A3EDA05CFF6257300597BE06B7FC4AFCA8628BC6DBB9E595:evimage/ev52l.png
40D6B81BA4CDA5A42C28DD09A4AD49EDA15A506C3220739E31288CD691B59B63:evimage/large/large_ev60c.png
40FFD17C4880548AB12E927FC47F06BFAC3FB8C51C6490414121043A2A60FC7D:evimage/ev25g.png
41A40AD6A7DF83F89E1490DA8E6FF0D476A6AB3023D4AC3AAF2209A846D87935:evimage/ev61c.png
41D20A988B8F97722B3139A16A4D1342AA5170986E9118147324C088AF6ECC7E:evimage/ev13h.png
41F6C90F9C182E0891DF0C14B1992B4E035468EB88F5F3A47A8D9EF472D77BCC:evimage/ev63b.png
4201A842B3DDD38C7AA11A8C26DDA27E714458733C3F8B58A262158F5079DBE6:evimage/large/large_ev15t.png
42FBAADC15078E287E271AE74AE4D8E1801B2B726EF884F5FA8F3FA798B3034B:evimage/large/large_ev26p2.png
4348B681C2A082AC16FFCF70C6DA0FF70366BC2F47116F9306FE46766D72F322:evimage/ev35a.png
43CCAE5C7F45CB1E157A468497CD0EDD4F8BA1E2731541EB6618E8E302D29733:evimage/ev01a.png
448836146E4ACB84E0E9435F867B0657B5FE73995A4B1E3CBA3767B6C773EE67:evimage/large/large_ev11g.png
44A5264BF4FC1595F6D5DA06DE308A172888B74BD8E43F509FB60DDE90A10096:evimage/large/large_ev18q.png
44B5E70BC833C7B65E2DB918387DD76DD068CC22B5B17935135F9F06B6F81FE7:evimage/large/large_ev66i.png
44F31C372E436A088C40555C911220A28ECE7877971090B941AB1E4F85E81EB1:evimage/ev57q.png
450D5745413F40838C3C19EE512D2276091064DDF688DFCDBF5E21D67653B809:evimage/ev54k.png
45668EC87D68719FCAD55777EE767824F7EA5DDCF5310A0E634BDC55BCC4F408:evimage/ev40b.png
45A280855CD2058418ED57239C11D6CFE076CE467524A1CE63E9553A461A652E:evimage/ev67g.png
45BDBD0E875123B36C3C69C1224620D7AC17E8383497D7A53D6847B73C49023D:evimage/ev63e.png
45CB2D07B6B37A510933461901ED455C7FCEAFA38E40CC00DE9D03A9AF2EFBFC:evimage/large/large_ev19f.png
46A4F9878A33FB412BA4C629DB06073E1D2EC64EA36D39658B08FEEB75FBC316:evimage/ev66e.png
46CCEE778C02E0E7B83CD1CB62A9493CE9A0E0EAA680359469C59134E5C65689:evimage/large/large_ev62b.png
4715F89F77C0C9F5ED9B6D3327C23D31685C715D1D0ACBFBF318CBD15A80C9A9:evimage/large/large_ev42g.png
478443D7979F8D7C400C78C0171DF43F74D54CBAF4DBC337838E85B96A1178DE:evimage/ev28b.png
479D987C07F9A99E0A78C7C6185463277BB316DDBCEBDA97EEF74544797FC919:evimage/ev56k.png
47A84D3CEB985ADD1442510C086D619B46D7ED40498081E38069429550E9606D:evimage/large/large_ev02i.png
47BD51E144E0805C03D6BF1B5B3C5551DFBA7D20D2AB630AAC7A670A4495519F:evimage/ev26k2.png
4822A85F5C9D265DDF32B8A728419F1C7E6A0691450855F472456A27835BEDEE:evimage/ev05h.png
48653F0E56947B6F3E23A729603D0A8144F9937D1DFE51FD7D2E968C09DA5321:evimage/ev36b.png
4902BB62265F730823EB958FDB8B2E4BD13F3845324A0A57AB7E8DAFF7D0BA4A:evimage/ev10n.png
492A256C40F12F5C23F22EE435404D00E31FAD112AB56E3F32A5FCD17C1E65C2:evimage/large/large_ev42d.png
495A1BD860085D59BA0986D990C7CF19D49BF0AEA9D1A74A00E9F555E17A387F:evimage/ev42d.png
497AC84A57542A704A5F76EB230466DA1052BD76B83429411823D9793A69B9DD:evimage/ev48d.png
49D1624509966E255D293E4B38213A8EB43405F54477A1BEB9DE05A04BED8C7B:evimage/ev52b.png
4A2E1DAA1C34A3FF2E17C8123CA64195C06478BA94D00436370258C8FB6A1748:evimage/large/large_ev28c.png
4A8AA463EEF39EE9206575EFA676F7EF65AE8C4AA245959BACC87EB8991653FC:evimage/ev57l.png
4A942019BABB60377A8A36564BE793C3E20B2087C48B487D0AC4EC95C769E1F8:evimage/ev22k.png
4B4BEFACA2A1E08307EE43C8C0A645C8EE404CF042CB8649EDB5289A62366EDB:evimage/ev21g.png
4BA045D1F077BFCEB7FAB063C88D2CA112DCD7FC5F1A16F7E098606661806F15:evimage/large/large_ev52f.png
4BA70DDD129888D682C03A1894E859B538907D442AB36BDADFCB10581C96EE2A:evimage/large/large_ev19b.png
4BDBEC8B48CB868354DA19240C185A38226DE5D62B72D6B4F2F388DD64857ED0:evimage/ev51c.png
4C25BD957E255E6DC0D8494FD916AEC8D10EA7839A36968090D23CB79321564D:evimage/large/large_ev15u.png
4C2C7E8A4387D2743E5927C3262BF25C2808EBF76D9DEAAC4352045AC30951C8:evimage/large/large_ev66j.png
4C3BA2D640364C9A2801185C4C1732F77732BD9FA372460025D56C07B55A217E:evimage/ev26p2_n.png
4C3FBF3EFA90EC431B5F567E9943C474435388D9BB9E41390C9DDF541C2D2B8C:evimage/ev14c.png
4C4C569F752550252872CB24DEEB58E4EF7BBF0EAC1975B7518AA80E0369A369:evimage/large/large_ev26e.png
4CA8B8F503CE8B5E0AB222DC221B8D742F6CA6342AD7B2C7B6B26696A1989013:evimage/ev60n.png
4CD1B8B27694FFE3D1FA76102A65802E4818DE2306A3ECFE71BB866825793DDD:evimage/ev26e.png
4CEF3669556E07BB015CDEBD09D253B1BABB6921AADE404A10ECAB4491017293:evimage/ev18k.png
4D16B2733F025FE9F4616098710A438BB0B7AE92FBE3C08A0051D79951276CB1:evimage/ev10m.png
4D6092FAFDD7A0B8799472472F5D596AD0398A8AA59EC5381E2434CBBF60F500:evimage/ev52i.png
4D61F2E53CF295AD58CF52FFE8CB3ADD4299E1AC7EF23B2C72BF874C21C34857:evimage/large/large_ev11l.png
4E279C2AA2E8228859A590C73B03D4B37234E988A9F4484D508AF0D1E7088BD2:evimage/ev02b.png
4E352EC883F11B8CBFEFFDE5BCC1BF0A8B0C18A3037D74717A76C4921C7FBC1E:evimage/large/large_ev21m.png
4E53560219ABBFFDF5B71CD034399F90AAC035558D730CFE7C7F7A9D83ED8295:evimage/ev05a.png
4E7984889D25AC61C831BA6E2EB7A2AC63980041A9F7AD5CEB64BEBAB634FB8C:evimage/large/large_ev60i.png
4ECE314EFF43EC1BC4DFDA583F6461FFFD387A4221AA4F351B723A5AA628100A:evimage/large/large_ev18g.png
4EEDB377698C14698F146B5DB171CE76B9EFA2F2118D8DBDF1F41C0DBF546401:evimage/large/large_ev64b.png
4F1C1526D30435479B4BAEAAAEFFC4B6EBA7681D0F18BC6F884D07E2825E6B01:evimage/large/large_ev01k.png
4F29DEBE9C418E0DD99C01C3198A6B0247E8E724D85389E6F305DDB05C295A6D:evimage/ev02f.png
4F9A4FF587D398A09BC622F2040C587E618FA30ED3C996F0A85DA98D52F8C9EC:evimage/large/large_ev26b.png
4FB8A1208FC198148D8FE9160CC59B7D974079121731D0647C65F1F37FBEDF3A:evimage/large/large_ev52c.png
4FD1B43AB0642E65C957A7F2A95D0873AC212D6A4209FA1C2AE616F50E7F68F1:evimage/ev21c.png
50B42E71D074FBCF08D0B16B5746D5E2915DE8F004A8EAACB46007B6DBC00A3C:evimage/ev08a.png
50E7ABAB0ADFF0267B20D402341AB519A40BD3F3487927D01D2516C1E292CDBB:evimage/ev18e.png
50F8C1099211CE126AA140FDB8386CA1A208AF607EB89794FE1C97E20E3C4AF0:evimage/ev54e.png
512581672E50FE613475DB0A9F913A0FE7F1C9D98198F1E2788C2DEF55BEA1E9:evimage/ev47z1.png
516A78AB1321D32500E5F6B3800434249D943A60B1FD6D58ADB92C4F89D1062F:evimage/large/large_ev15n.png
5179B4690CC6AB130DE897697F44C330519BF8CF030FE0CAF371EA1EF516EF2F:evimage/ev15r.png
518A345756068852304C7227FDE8C6A40BE29EC59506CB9ED9A0F91BE88F0597:evimage/ev04e.png
51D88B5AB4E86D642181F654116933DD76776F22809EFED623E77A87FDBA1B64:evimage/large/large_ev15l.png
51E1E175EF95B688C25C5AE06BD10A9D5E0280B46FBB79944DF68431DE170E9E:evimage/ev21h.png
5231EA734B1A23ABF1A6103B04179B3D11624252F68229A8CE91EF0F33B404E6:evimage/ev58b.png
523FDA46010642109B836A9BFB7702F673A43299A21D7457DBDF6A02EA574C76:evimage/ev03b.png
525854A506D3C41EF60BBFB0051EF38EAD3BD19A1A7363E5ECD44C5A86A8B404:evimage/large/large_ev15p.png
526B6E8F987FE4AABC2311C3190C236F21C6ABB82A3740C71F67ED204F4001B5:evimage/ev04f.png
52D1198C3AA703234849E01801201CF33F57A516660A373EAC41B68D351F1F75:evimage/ev35d.png
52D5E0AE18CC3F281978E4EAB52085BA922147B7101C47009E90045F806FE0D2:evimage/large/large_ev18n.png
52EFC07483879493B9419863EF86B9D332DDDD4326CADA24879A15EA35E3ED88:evimage/ev35e.png
531F2287728A5543C70C347822EE2A344E1CAA8795E225F98C7D11515EF91A21:evimage/large/large_ev54i.png
536A47B8DCB31AA591FFC5CD0EDAFE8F82B4DD873420E9A970DDDF9F86F7A3F3:evimage/ev14b.png
536F2A572C3CBEB0CA82AC79EA022CF96A2FC5C69FB527907E23631FFDBF088E:evimage/ev66j.png
5387724DD2C635E797404F282DF36D9442CF0D6CD659209CBDE062EB1FCBFA09:evimage/large/large_ev15a.png
5420178D83E0B9D77378C6E96911F4B3606EFA6F664C96CBF8848E5823A9AEDD:evimage/ev25h.png
54550934DB086B07A152F34693DEE4A257AC4DF8D32356E56C1AAA4AF9660ACC:evimage/large/large_ev21g.png
5464B0FCA77265D6A48ED50093BDBE486EFB5D20475C78377448626F363F09B3:evimage/ev06e.png
546A5643157584DB7B11FB83410978134E8D57759718A6F3D16ACCA79C87658C:evimage/ev02n.png
548DC0DC4A1A9BA4198350BF32667BEA6696F7806DEB12654B694090D8C6BD43:evimage/large/large_ev23d.png
5498DDBF2F2C0341F9ECF36A7DBC41CC504505D090A63740EFB20D27DE92C91D:evimage/ev11h.png
55225429698E5134EAAB922A31067684C7668F3DCE7642A10EB3EBD7EBF239C7:evimage/large/large_ev22i.png
562E2A306F76DEAC65EC2CCC49CFFC1B5614BBE0E2401B35D0058AF2D39D39FB:evimage/ev25d.png
5639EE788CF355D8827C738D225EC35D4C0B631A26013DBE78FB555A984AF2EF:evimage/ev58d.png
563C331AC72CDB9E5CE164E1D1BA819FA60C5BDA204E18BFBF7C7D9CF3808886:evimage/ev63d.png
56D2BC16D21950BD7B8525D8F29AA77951F3EAB2C2AAD9C5C01DE123F3E90DF2:evimage/ev53k.png
56D96A2B55D8A5497B76479F3E2ED21196CFF5E8211C9FD95652293E8EE309D3:evimage/large/large_ev42f.png
5731EA84CACE30999C030DE562CAB150FA8EFB798570DB5EDE4965B66206AE0D:evimage/large/large_ev02g.png
57376D89D29F7CBBFB2FC20AB0B2D6E64B00A9999F91BDD4080D71067EC0C497:evimage/ev33d.png
57A307D727F7FFFED4D05B23E45DB61008AE4A364BF8C16C4EA3BFC709AED460:evimage/ev51d.png
5862BC49675F0570A86B49856C622662E2DD1B12852626236C1BD44B0950871A:evimage/large/large_ev55j.png
58A5F6FB87F723E8734C5B07C71A9F4238FA76F2B13F3C92D515BBE6D2B4AEBD:evimage/ev05g.png
58F02EF8779DA748ED25B9042163C39ACBA40792B4E1D2DA08F1912CB3CCC968:evimage/ev43h.png
5918D700000132D16418CCBC5FCA87CC472F3320A4B6B01C6CC55F7F65B6085D:evimage/large/large_ev10g.png
5929081EA1D08175142BD3874CE6DD7FCEEF7E4159C66AC2EB749568E6F73E4C:evimage/ev02m.png
5954E49050D83B9D21A9CF0FB65584482430AA76A8680639BB3A3B6B2E3E17BB:evimage/ev19q.png
598D06588163278E595F3D8D24E470274E16F99E3A5A0532B13A7FF869AD7CFB:evimage/large/large_ev28b.png
5998E04726807CBF08CA053E3DDFB10EA4C60587322CEF1FD77AB75F99BDE033:evimage/large/large_ev15w.png
59DC43C9D0151ED6C2CEDE5B091D13D4D26D8A0F7C9AF279BE58C9A6FF5758DC:evimage/ev61d.png
5A532E52B85B5B44E5A7D6B5851159F9DCE9A519BF27ACBDD9572D892D8B2EFB:evimage/ev43j.png
5A8F55429DDD8109D883EA8F9D9D93881D5A67FFC958E6F56E457A161BF85E8E:evimage/ev22j.png
5AF8D39C0F259583963F3F17CE7EC9F98B27EF2F7672263BE2BC5F5CE436F832:evimage/ev59a.png
5BC8E4C2EBFFADEE794C70CEB21106F1C14A82BD6A6DE57AEB5B91EE9D233CD4:evimage/ev47y.png
5C0E42867C9E594521CFCFA122FB624EAD493FA43681BBE7323817A3E2418A51:evimage/large/large_ev01b.png
5C1339DCA90454307C77F9750CF46257DD03E39C79DB2D1CAB8FA59FDD810CDA:evimage/large/large_ev22e.png
5C1770F11632C980:evimage/
5C4AEB2F925BF7321F979CA0356B372EEF0E2AFBFF86F01851C0CA9FFA50D486:evimage/ev21a.png
5C8493A78AE7364BEE9983FCC4A2FA81D1BAFD4E11FA5B0C565DB2DE0B0BFA63:evimage/ev19m.png
5C85DA9E2A20A32D54769C1419773AFFA425D38556F72F77506DB6C63D693DA8:evimage/ev04d.png
5C8A29B54DED05301D3F136ACED7F0E2B439EFEF16E7CC0DEEA61AD338DC3525:evimage/ev48e.png
5C9C3F1AD0111B504A4D15C6A3708F5C2B2146FE3971D1205EC0DE8CBF6380FF:evimage/large/large_ev60r.png
5CB038FD14A2647C5CF0ACC58763DAE0C9179AB8C3253110D27C010CAB5BFAA5:evimage/ev13k.png
5CB300B504992B7B2571F130FCF38793F2862BBD9037B3876568E2651EECFB3C:evimage/large/large_ev57o.png
5D85321F19E63050CBA0256425D7B2DE4A45C7EADC7AB3033F870B509C01100A:evimage/large/large_ev53j.png
5D95225BD7B08E94EE79E727B5EAEE457377A752C15B589AC41B719EA5B36F45:evimage/large/large_ev28r.png
5D99DABCB009DF19789EDF54F4340F6954C43BE869879A79A2BC9FB6C930004B:evimage/large/large_ev01i.png
5DA4AD355A088369ABB1274FFDC8CB2B9BD3DDA106211009034F7B30C6FE9344:evimage/ev24d.png
5E0B6F76A74AE3CAA6B0D3A8132BC37007F1AA90BED7C7851CCB05AC5FF2D833:evimage/ev42c.png
5E17E95CAF9B14B1626EF454521066ABE846F8C18F52CAC839BBA5CBAC5E196D:evimage/large/large_ev54d.png
5E276C1C453B7BC74D3FEF0B9E3BE23D1DA81060A1061765B863F292E1D32A09:evimage/large/large_ev11i.png
5E3D7B308B40B3F176A5C70F1E9766EC557DBD5ADD10EA594901E863EDB1EBE6:evimage/ev31d.png
5E5AA31CD8E9B7474A495EFD65EB7DCBDCE79C208417D854DB1E927B39764790:evimage/large/large_ev26c.png
5E6732BB688ED7EB7A68E4839812291499DDBCA3C2C6FC08A6B539B2AF3EF43A:evimage/ev01k.png
5E799C783937D338EED3FE1CCE563C5EF020FA9E6116E1172F06AB192DF6E344:evimage/ev28m.png
5E863B04136CFB6B3C83BBC2CFB16ECED42CD3D10204735A2F10128B902124E7:evimage/ev66b.png
5E91997B00B4323EFC448C7D90D4A158F7988F90D7FD569ADD7221EE5AAE73AB:evimage/ev13b.png
5F382B56F6D4876F7A3B2805BCDD9A0038DEDD7E32B9CFC4AA221448A7478976:evimage/ev49a.png
5F4B33544A43D5263FB43EADE15215870DE7E956DE68C042D435F336C698C671:evimage/ev49b.png
5F52A2ED7452A91686DD9A97B1C1F3FBBECFB4A227926B70112D9B7EF5733302:evimage/large/large_ev64h.png
5FB2BD587C1D82AFB301B478FEE98D0382EB82B77407B8CAEC7965C7A863A068:evimage/ev26c.png
6000CAC2BC080DCB1D9D1AF107BE4E7AA0831A3EB5616AEF333E79EBB30FB875:evimage/ev23g.png
6010E039801B474F968364B23B173A6DA5331506CE04B2C2EA20596C3C26080A:evimage/large/large_ev28t.png
60491BF5BBCFD6A2C029AFD4BBDE9F0B166EF3C8B33C88FC9F2D674730AEB689:evimage/ev09a.png
608436BCC6AE7FCA9F8FD0611A2E7A7F0167B436F2728EF3CCA6CA251ECFBB7E:evimage/ev64d.png
608B8374DC5EB699050266B832951CED096D0BE0FA8B73F1EADA6FA4F0E8D533:evimage/ev54b.png
60CC528CE0D4A4ADD8DF3DE926ED660DAE5F2351B84CD1BA59D601E86D7BEA14:evimage/ev54i.png
612E0ABC75901C3093DE4BEED311E2AFE9FBC8847E0EE31FABDFB46038BE8009:evimage/large/large_ev23b.png
618A1C26E59B6367907747D78F7B1CC2C8A8B74F92A82247E45D4FC059DDAAA5:evimage/ev15v.png
61A9CBCA7E923F9E3B11AF50932EABBDEA175C571C50E55C9A4D926CAA64758E:evimage/ev26l2.png
61D66AC246468E5E627C1AE5E49953E9EBB43BDFDEE339005DF2C4064E16833C:evimage/ev55e.png
61E40FB2CA906C06B542BA6B960DBE8325BEA252A029398B88A4EA58C1BE236A:evimage/ev52a.png
6222BCA80BAE2B8912CF624712537F7F8FDDC75113A7A7D34225469DB231F644:evimage/ev60i.png
6232AD9C2F46DF9CB7853F437DA7EF37F9995062E3121962BC96BC9BEB241DD5:evimage/ev19p.png
626FEC79776378AD2A622C777150FA3FE473B66D44232342DAE1CF9D7B390E83:evimage/ev52j.png
627B84FBD3E6BB67B1EEB029BBFC418C29EA7F5CFBD53BDED2265677040AF05C:evimage/ev46h.png
628B8634ED130FF047868E0787B51095A27FE6F66B3F3F3BD080256969A5F4DD:evimage/ev03e.png
62B424F1081779722705CDD7E9BD9623C102F6F03B13338B3ADF009A49463D1E:evimage/large/large_ev26s2.png
634003F9787DD7FE9DEEFA354BF6DB5C9F98826E5E391283DBC287FDBDB92BD4:evimage/ev19l.png
6382872C729578D3BCD444EC0190DF7881353EA821A910D6B9BCCF837C0D42F6:evimage/ev19o.png
63878B554376A2037B99976AED687E0B76EF5BF4D9E9DC8D3DED926593D2870D:evimage/large/large_ev61a.png
639F313A40F4A27956D7EB42E76A8472E004278EF9057ED49BE7E6F970562FF7:evimage/ev42a.png
63BCA1DE2A8F4DDE76DABE442A773AB480B4D93B47DE0A295D4BAD375A2A7946:evimage/large/large_ev13b.png
63BD709779E8C105E1770D392E0A5160376D03EDB1CF62412480F8B203F64A0A:evimage/large/large_ev61b.png
643B9BFD81F718BF00F4E06AA4C0B2F6361D4B9C6BE66921C2982A9F0A29B59C:evimage/ev29n.png
647E94AAF1094B6F55B82AE29740FA8F9AE5B13A0D72F98C8EB71D42454B00C0:evimage/large/large_ev05d.png
6504E876CD29B4BE7D603F8B834FF445D73E3F111DBA4B434A39BB0FDEDE365C:evimage/ev23d.png
650F74BF5C159E3E4B95357E0A9E7A6590B391B16E22865541F3D1795DDF1F89:evimage/ev63m.png
6575CCFDCB0A6A295DD8B9A06C2C02E9337199BF145FD26419D809EE81A7A936:evimage/large/large_ev25e.png
658AB04BA4CA98E0F215E1594AE59B81BFCAA6A456D58C1FF2416911C186B7D9:evimage/ev27b.png
6662E358F27534A81FC95C1C2614F9299A55889109EAB14972761220F645871C:evimage/large/large_ev05e.png
66636A22BF75F48450FBC3B2CAD8551A234BC3C679CF2DB9B18A8E4B3D93FD09:evimage/ev64h.png
66AF18C58CF526DB24CAB8E9409A64CD7C7C009E24CAC9D61758E5E36B6B425E:evimage/ev31p.png
66B15583132D69ECEFD0A280769A27CE1E72B07D3823BF660E23E8D88F3F143C:evimage/ev26f.png
66D47965A645BF4A78CCEB5C02A3F8A67FB67B2650F70BB8777D46F02CADDEBC:evimage/ev01h.png
671A252DDC22AF2D366F8E9CC26DB708FF18AA9A3DB28C6B24BC0112127A7E8B:evimage/ev32e.png
67D5C1568F09C004D560445D167C7F982E4A1EBCED3398A5EF901117C1B5A763:evimage/large/large_ev11m.png
67DCA7A3BA835D8808109C5AEA7A19FB10F7F2A435ED00A87522B20245AA9321:evimage/ev47c.png
67ED19ED0F5857B250992CFA2E7D5510FCB179625C6F582A1E1D21E32F18AE26:evimage/ev25b.png
67F5384526FE6ABA16822F4898E123EE4C587F60D2F805CB971B806BE762C899:evimage/ev57o.png
684DBE10BDDB21D04CBFE970619AA6A17B99670CF564FE652378F0F32168A116:evimage/ev54j.png
685550070FBD57CB17A4CF3E3394749BE710E6DAEC07E7E55D6C62A7F67AC768:evimage/large/large_ev54c.png
6855E172CE44FF0E0ADB4E7EFFD42FAEBB3D141FD420C3CA0465A88BF6B0D060:evimage/ev18s.png
6895C69E2CEBB8DE8F90EE96F0D44E9F7F50491CA026B70C2A6C7A2DA1794835:evimage/ev63k.png
690694AF72654D2B94425B99B7E6F3602DDE2D76062F12A19A4BECA035C7526E:evimage/ev29j.png
6918F940321C2722AECE13C08151B2F715F468FA4490B18FF6F51D4AE0D7B9B2:evimage/ev18i.png
6920C4B8D93D43C182EBF3004F18BB931D2AB0654559ABDFB1933CA1E3A187E1:evimage/large/large_ev04c.png
696E03B25CFAFC58C1EAB8B87CFF6138F8D873E09200B1C3BA909729CCD67D0D:evimage/large/large_ev15k.png
69AFDAF834105FCC36C260A5F555D553D02088F24AAC377DE567042FD36B7467:evimage/ev60g.png
69EA1B3E966BE3C4E387803A1DC225B089B477DE69FE8C8A36FC03EC680ADF58:evimage/ev47k.png
6A7FE08AEC1E362E6EDE259095362AC2AFCD1132292247619A4E68695A821737:evimage/ev43f.png
6AE9F3C491F4B402520A5746093872C27B03E35BF1E7E6FCD59A78C09214E8BA:evimage/large/large_ev28s.png
6B2F438FF4183A67B36598E07B460D18AB3B697BEF64A984DE2D3F9E3E5E7E85:evimage/large/large_ev26l2.png
6B9EE4D355022CC595BC20BEE28E3F9089D5BFDE67AC8D89DFBECF3FE88CF326:evimage/ev56a.png
6BBDF6D360333E7D78071E194162F4BD1A106FBADFB32C1ED62F11C16DC48B8E:evimage/ev25e.png
6C0D4DAE6ED118D01F2144E65E82524C06F476A0280504D6FD3328350AF179BF:evimage/ev33a.png
6C4B203214CBDC59D2921F7773D2414C58ECFA8E9BA396F74C97EA6BD42B4FF9:evimage/ev18o.png
6C70F2DBC1C34D82D760099107E62349E35E3037E1921BE6D570E4C82931FA3B:evimage/ev59c.png
6D086B695D4044E9AA0BC201E204E04B4B316E4E74B39CFD257EED73EF9367FA:evimage/large/large_ev13f.png
6D0AD721320A9291D5F1AAEAF3C55B566373678BA9293FB0F73D99EE27AE657D:evimage/ev22e.png
6D258CF900FA1CDFABC45FB43B9FCCE0BFEA20694331C735B6464533E493749C:evimage/ev30e.png
6D2A3559050A386B0FB7614B92F3BDA1AC0C7760EE6D499196C7A4FF6C36D029:evimage/ev60m.png
6D2F6E83D8B65C84E92075FDF4AB7FB4425B357623E081CD6FB94441FC28065B:evimage/large/large_ev11c.png
6D3933430A95FCA4DCEC8FCDF138F05432946763EDFB39BB8326A7D42504277B:evimage/ev21m.png
6D4871E7361781F16E1FA5647FD4392FEE832591381BB6A3AEC6586637271FCC:evimage/ev43g.png
6D7EBBCB82E26AABE1B92FE89821841E91FA347177E59CCA7112DC587767FB74:evimage/ev15w.png
6D8DA6120E610F9044DC2098870846E8849D8E1E8708C1BF35CC443BB23923D7:evimage/ev64c.png
6DB0A82C25AED1EA3029DFBE5EDBCF50F253510A54D8B44402767D55B046341D:evimage/ev60l.png
6DC48B078703DB65CB8A4785944C9EA42D2C8B5678308929F829EE52F025599C:evimage/large/large_ev66b.png
6E8A930E2729FCED118E02E881DCF92AD3A6D447608F693E8D6F010B99EB4F3F:evimage/ev01c.png
6EADB20EDD7BB37576CCB230352A26D2B5F542114FB568DF5AC094278857C864:evimage/ev28k.png
6EE1F782FE366411EEC0AD107B413095C6BE6A41D02E7DF2827DB1A539D5405D:evimage/ev54l.png
6EE77B2D97A91695B899D16FDBCC26AF22DE6590207A3EAE5FEE807AFBB2EE81:evimage/ev31i.png
6F7D840386371A6266CEE52763B010CCBF7B7EAA57C8B4D0992BF0CA20F72CF4:evimage/ev02i.png
6FA474C750DFAC29D308F5EFCE4EBC3324427FC2A4118235A3356381CE181554:evimage/ev27i.png
6FCFDC38DAF6F49A07C9D4187B01ED737F8783B3B8A50A06FC6CA18426CF2140:evimage/large/large_ev28m.png
7031D2A9B1E749BD3D55488927979225D12FAA5F4A45FB1725E16B986ABDC266:evimage/ev58h.png
70386F540FF4D959ACCD6C7B248CC92C23DFC4FA47D70BB265D9181C958A0ED7:evimage/ev43c.png
709E6F74FE89848B2796CAB28B30981B7D662C989CCDC82A79AEA3D1095576FE:evimage/ev47f.png
717FBB9A46F62C6D3BBF963E0E371564BD207009990CA2077868A6DD3195A606:evimage/large/large_ev21i.png
71895BE533666436FC52E4F71C33932E5B88DB9D7546314A7162458BB0FB7B13:evimage/ev19h.png
7280A2425B01470AB20242C906DAD282677D86BBF2E38EC99953B8947DEF827B:evimage/large/large_ev57q.png
73238853B2C4002A53015B919114DEFD9A12C7B8322F29366B2CD9D903790883:evimage/large/large_ev49b.png
737C7C33065F6214565B0042F36697FBD63BC753CAF112CE0772DF45E227E8B7:evimage/ev15s.png
7380A15B869A4CD6255EFD092B0507DB71AF2B890E430BBCE28255DAE0D5AA8B:evimage/ev01j.png
740DA2D05876DC0BBDDD2C4035782CDAA1CF9F1DA0025D50904AC609F4FCFBE1:evimage/large/large_ev15h.png
7411239F6776661B1AF1E1CA0AC016E07464EAA5E3326BE523718C6C8029A6FC:evimage/ev22h.png
747EFA1B3F121758A834926B47E66CF0C220C56D372021EBC8B5E5E5808E8244:evimage/ev18q.png
74A7B339DA55D2D1B944E02B8DD9014CF16F4ADB33B09FE5C8243AA178D1FB48:evimage/ev29q.png
74E47ABC27B636935A63C2EA40952698A7C438AE6177E5964DD4FD1DF277E4DF:evimage/ev42e.png
755A0924595AFF090809FFD7CF9CEDADFC35C6DA8B9F69462656124FC2F49394:evimage/ev54c.png
757B2174045F6A883772CF389DC2CCC3ECDA567AC93A6FE8CECF9B45D4466E0E:evimage/ev11i.png
75B9EC94BB6DAE794760D8F6952E0E3689C54075CA0290A01275E109B576A240:evimage/large/large_ev21a.png
75F6182B52B6C6828DCFC7D009066D328BDE4E2B5728E98224C5E091C0C39067:evimage/ev28p.png
761760B3BDE288777991107DD032D50094F3B3A360CC77C69D993BBB14B4BEA4:evimage/ev58e.png
762AF5A212844841CE16D2AE185352E8AC88B18A82A4168FEDD133D2076469FC:evimage/large/large_ev19o.png
767EC2284321E87D1E24491B60D5F26814927F80E8E52EFD324E1A83D830E38E:evimage/ev19b.png
76F9CBD7F96AF6179D58470ABFDE3B78218B03E17267967750F79EFF8DD873C8:evimage/ev49c.png
76FE6C8909019DD897196A20D08320BF32D17D603108231B45B0B2E32A693AF1:evimage/large/large_ev19m.png
77045A6DE2035DAF91EB6F0F603620EB4A3CAE5249DE71BFE2B3B2AC12EB0970:evimage/large/large_ev52h.png
77291D0AF1DCE10977661866261A1460A4EC6DE26A28BCEA79D16370427BE8F6:evimage/large/large_ev13j.png
774D1801C3CC3DD90E518D241614CB5CBF404CF130BF663FAD8002C35EFDFEF9:evimage/large/large_ev10i.png
7775DEF0F3479AF16C31E390805A10BE17386D35EDFC17326FB923CDB94B6901:evimage/ev40f.png
77861342B3BD952CAED038D6BA8CD11C6312FF736C2E9573856039B17CF78E99:evimage/large/large_ev45a.png
77B603474D719537ACA5F4377B09132255A65ECECAAC3D8E5AAD15D905D881B9:evimage/ev33e.png
77B819E2C5EFDFAA4852CF33520237F0F2C178D67D79FC74B943C6F6AC600B6A:evimage/large/large_ev19e.png
77EA3F636F5E172244E3AF72D1408CBD2441E7251D218FC4992AE0613FC6F5AE:evimage/large/large_ev04b.png
78092B673D09C3F602BB7CBC30CD2F3229F6BBE4863B70C5F15ED582549B0B5C:evimage/ev54g.png
780C10D56119BCE575DA5BE6B8D21A4A8302012700B41F02747C6A4F9E6A336B:evimage/ev59f.png
785D488A48137A98399726352A4E09EF972B6D502059542307C3AF09A23AC7EA:evimage/large/large_ev18m.png
78895D7ECE444367154D0AA715A1D6C9A8B0614C76EFF9D0AF6E8B39A3C86CB0:evimage/large/large_ev22l.png
78D85067A629B4C02F8720EBE479C15CE2BADA832A7005F670A7071385787F44:evimage/ev53j.png
78EF5D4DA69F8E84E301E613E16DEDCEA050D6EB6C0D7B8E26519D768CFDB3F3:evimage/large/large_ev54l.png
794CC12EB502C92E10B0AD28852B0B2E0B4AA9971BF90368A8B4C5E859D1922F:evimage/ev67a.png
795C54480859238B4E3604AB992C5B319739824FD53D09A53F2070E72D632BDC:evimage/ev09f.png
79B0F588885EB432CFD8B6E5252F0A1DD4F66ACF7B79569347E015C242F2BBA8:evimage/ev28j.png
79D90B37B2FA626CC8D321FBEE41F85B7FFC191A4BBE0734147E7ABAF0F544F4:evimage/large/large_ev15j.png
7B0969ECA798FF6D965BAB52D287D7010FDEC7C6397334135E48EBA7AADA39FC:evimage/ev43d.png
7B107901E4E7F5D72F5749C3735215BEF07C6860A722780CAA53B99B76BBDFF8:evimage/ev32h.png
7B368E15A4130E81C3A87868CF819EB71D37BFECFD5D47A0F3CD973EE8899AE1:evimage/large/large_ev14b.png
7B40AB8C8CCE0286080A407CFDA7A2A0858AC97753BF2D196527E425F3476A0F:evimage/ev18p.png
7B6551689116E739FBF044D9FEA1BA3CC3A0AC112D8514B57D03AF4DAAEE11C3:evimage/ev15k.png
7BD25A53682DAA9B73380A40CC4646CDDE66F9DAFCB870BA817EF5C40428190B:evimage/ev64i.png
7C6B492D3980ABB9111515198CBD03CB2FC102A2FEEA3B827B7A92FD4904B145:evimage/ev18n.png
7CFB357A1C5AFDB558CBD8FDD1963399FA5C0F5FCD676F79CB09A2E2DC04CE6C:evimage/ev46k.png
7F186A9B695C2ABEC98C70763FA865B80D38D63B5B7098E5458F1582F15748FE:evimage/ev60j.png
7F4AD4B5C9E20F021BA4432ACC2B48289257FEBA44270CC8D6573E7674A674C7:evimage/ev31h.png
7F57870E9B5633F083A77E1E6AED2B8DB9C671A04AA8D458528C242D0F0EE665:evimage/large/large_ev26f.png
7F6A3A3C3C1E66A7B40DED564275C9CA767FA5E25D3874CE2E2838A3FB5BAFE2:evimage/ev47o.png
800EBCFE2A14EFF7B1BEC9669CE39C9B8EDAD2FBACC2295E08FF95F3C017856B:evimage/large/large_ev18f.png
8028629A3241CBCE00BA26D1533E81CE19BDF3C222CECFFBD15B4D55956F1A90:evimage/ev57j.png
80554660CCD221E6CF4E6E4295F713C829750F250850C34825D5FE8CC549DDA9:evimage/large/large_ev26h_n.png
80D750248BFDE7A7A04FC60626D42932930F8BF6E66FE2B5E83F6F0338A49810:evimage/ev18m.png
818546C599ED25C296ABDFFCCD1C3A98FB9E5195F3048C6C8D7508260B59B81F:evimage/ev57k.png
81B80310DD9CE7D9E573395F507370D6EC956F800CC889D7F679E94C05456A16:evimage/ev59b.png
81E1209C1BC05AC8C479BED4623DFAED7C4462596E482865BC91E0574F804393:evimage/large/large_ev14c.png
821F77F0695D3E89804D09A972C493DF0A548488984B583383717E5B9F1010CB:evimage/ev04a.png
822B91E081CBEBDD75E3BF6E9AB7AB855633340763A04F35C774C49ACAE2B60E:evimage/ev05j.png
82A76E943EDADB496C4103F0D29D8F036F23140BD429C03DF41F5E0DD763C4D3:evimage/ev41e.png
82A93B3BB14493EA3D483E4868CC558FF5ADBF58DD8E32CBAAFE6CB954436206:evimage/ev28i.png
82F7BA854B44FE4B2D7C5D36E4F387F89DC2A02A0AB7B6F85C93595685F483CD:evimage/ev19i.png
83173F89FC5E4BF1E3C32985BC48836BC783670268E6CD66E5DC5DDB68971F73:evimage/ev25a.png
83C0DBB842B1728C1F12EBC5AE8FC5C204DEC886B1CCB685D7780351FCE88F72:evimage/ev15h.png
83F41114DB599A0C04B1FA4C5B34067FFC91214D2ECF50EAA9BBD7C6F0622F2D:evimage/large/large_ev10l.png
846802BB39E1567182A47F60A19C7298561C187B74DB7798A1D20DA830E14B40:evimage/ev23e.png
84E5CE564F36E19CCC07118A26CC740685100339AEAA69B49327E9A88B19EFC9:evimage/ev26c_n.png
84F889DD42E90C6A10A72263FA2B2BF778A2A4CF972A31E8AFE192CC2BEB2618:evimage/large/large_ev22a.png
85083BD468FC509CF17C8574787035062172D4BFE0682FE63BE554E260B41240:evimage/large/large_ev13a.png
853848927CC60385EB36A17852E47C62665C54C1A1DD6996AD36D9A2538624D3:evimage/large/large_ev05c.png
85A5497D898EAD2E846E19D9AD85A52C11D461E94AC1952D9D9F470FB494B3D5:evimage/ev10e.png
85B1C55E2875B83A53CABABA0B9DD9B66EA16AF76CE1938357454DB3A12F83D3:evimage/ev29g.png
8637820B814F41EF6E19297595FC281A4A0667F1350E4C4EB49837243FC10E33:evimage/large/large_ev52d.png
866DD61F7886AEB366A856804C005ECD96D05C1918A479C4680FE5A97C6AA616:evimage/ev64e.png
86A61D1C8869DE72FCB4AD7E2C1FEC5EE2045A501A8327B28700BBFCE6D98E3F:evimage/large/large_ev57r.png
86CAFB61630368845F96A902EDACF92D78BD5AB4C9FCB7EE0CC8A9122F4E9560:evimage/large/large_ev19k.png
86DD427B91697D2331744BFAAB8CC8C7BA88548567D473E3A036D0F96DA06461:evimage/ev31e.png
86FFED1F6CAAAB3B5C6549B014241F66D5F3FE2074674981C109EE196DD2C4DD:evimage/large/large_ev26k2.png
87981D6AB1FBDAB727E8554A262AF2CE0A8AF4EA5559CA4A05DE3C672353D135:evimage/ev59d.png
88315B1B449345FD7364D0AB9158F5D7FDEB0289A67CBCF743F41ED8DFFB6C8C:evimage/ev17a.png
88703AE0FBDAB5EA0844BEF1FCBB73667933BDA3148E97FAF2DDF1D1AC2E1634:evimage/ev38a.png
887ED945110C1214656194A33C5FBAB437B8ED2C60A704DE09994683AA403D10:evimage/ev24m.png
88EFA20C5B88F395014FAD0C1A80412B3B8DC0DC7D7CDC2445BEBB7C427BAB9B:evimage/large/large_ev54a.png
88F4AA1E5B69C03AF639CFF858235BA5A9A87F6783A138284726B44C3705066C:evimage/large/large_ev01d.png
89DAC035004E4248AF7A93B2B4ED9424952AA5C301D3EA362B2134FCE9A050BB:evimage/ev09d.png
89FEE6DE3B6C93A3781E6DD67CDFB7137D1ABC7DBA788BF98924D9EF2248AB2B:evimage/large/large_ev21h.png
8A51817554646429A887F091E50D2DE573B41FFA46529B211504F22FA5746D3F:evimage/large/large_ev26c_n.png
8A75A511586993FB656EF3B3E7D3F23548E44D4053705782E188C5E33F147988:evimage/large/large_ev52l.png
8AD9CEFC9A910C8C60C04DA2F69ABC470FEEBF1CBF3A65EAB6AD9DDD4F9C60DB:evimage/ev54h.png
8B001B39312DCC4B943CFE09325A95AFD7B8CBC87DE4CE0D4339E13F5DD79807:evimage/large/large_ev19i.png
8B306688D99852F309D84E34CB8C1B9E4AD100329D7C556AAF84BCACF3397BCC:evimage/large/large_ev06b.png
8B79C550AFF44BB6E653B9FF90AF450CFFA7E4F2CE949EECC059FB9C96CA55BD:evimage/large/large_ev02c.png
8BF584C0B9DA990C7E10352C9583F9565B91A661A5DB50C3D5CEABEB6B0A63B0:evimage/ev21i.png
8C3914B97769576F67B66DB19F14E33A7A82B2F4AB5F9D8F9D9AC4FD16D0EE15:evimage/ev60d.png
8C44B960E385C875B437FB16FFBC9CC36DA3345D20CC0534DD492D118B594CB9:evimage/ev10l.png
8C4DC23024EFC0497BD8729393F3A02D2F10FE102E53A2D5CA47EBCED9002877:evimage/ev40c.png
8D0B84B92E9240E11ABC1BA7C625FB2B00F7632353551D781D00F94F4949F88A:evimage/ev42g.png
8D70D3E72EA37D0727A66DFA22FB1F7D21BF0643327E37FE5DFB05657462D877:evimage/ev24k.png
8DEFED26A21E9C4572EA2A9DB4AD9F89D32B805F3BB801FACD54962DD781D1BD:evimage/ev03a.png
8E0B9AE845728F521A8222E04F79E4F3E3E1DA14FD257FDCCACBF6A91A3F2101:evimage/ev55i.png
8F7C3958AA90AD1ED680703325BCB487E7A590A9323002057EB03C24972E161B:evimage/ev22d.png
8FB8D4DBABDF15401E1F7297B003F7A521ACFFD70F7C515C4EF661EC97DF8F20:evimage/large/large_ev52k.png
8FFA3DF2588E71032D33391045C61CF04665AD98667307FD35033626CB295D07:evimage/large/large_ev04f.png
900CEE9AB122A90E90F3625D7D8175229C1793B3E5B48928700C438243FC5956:evimage/ev24n.png
908389F47E957F0B09774DEAD3064390B3A6BE15BD6DACD5FDF089CFE0930816:evimage/ev39a.png
9134D1EA5E8C2C51534E7E2EEE390338B3CAAD3511D21FBC70FCCDBA211036DC:evimage/ev43k.png
915EA3564FD25488E6509A1F3D1B70BE5678682C97FC6C6CEAAB79CDF1E108DD:evimage/ev10d.png
915EE7641C485C8247020424C5BF304EE93C2BBF9AFD848F7A78C097DA7DC853:evimage/large/large_ev60h.png
916F1DBF7EB86BB203FBC18C7448CEF38CC0F50A9F38591EBB4D1FD2ECE55E70:evimage/large/large_ev22j.png
9180FC0B70AD67B5491150F0138CEC48BDAAF1FAFB95312A0615E202759D1A18:evimage/ev66d.png
91D725C139BBB749506F4C2F958B56501A2887CA55EA3F800EF9F04B2D4E1CC2:evimage/ev26p2.png
923F34E81BC1524EEC9CD99E0A877C05FD80A8671D11DB255A1F7C0D3D880C6E:evimage/ev27a.png
924BE4904F764987E7F89DD192AB49104CC063D4A745D6F0B6263091B35F78FF:evimage/large/large_ev57l.png
925409B1AF8396C302C0D5BBF98182522CF9EDBC8E22D5A8D4268535FA7F6ECD:evimage/large/large_ev10f.png
92F08A5390B3E6F3DAF2015D66CFBF9B0AE64CC0458A67CE0276717FCC673460:evimage/ev56m.png
9315B04C500519A66C062044932D5B35DFCBF3C7291D325AB545CF91AEB4C3D3:evimage/large/large_ev03a.png
939564D3AC65DA4203CCC5F36EC384F8F042A3F0BA601D0CB457D32D5D963DE9:evimage/large/large_ev42c.png
93C3D101042A1D0DAEAA92F2E968213D11CDFBF4A73DA3C163721A70FE8E2751:evimage/ev59h.png
93D40D26A8B3AC467C92749B7A90A1BFF950FDD5E1DAE261301AEC5E572F9DD0:evimage/large/large_ev10c.png
93ED983CCCA880A44E9FD75CFDC2661AC0F24DEED6829979C5E6A665F5CD1213:evimage/ev52g.png
941AF59A2AC229D5F8B68D602C5AB5B698285438AFB9C7E886EAD0FCF721D114:evimage/large/large_ev26a_n.png
94694897D2A6883A85D6F533B1F33E886E583B9B715F407474A2E935B190FADA:evimage/ev56j.png
946B8EE8CF76625E31AEA62B760704F3BB9980B5F9757B37F419D3D14539CA7D:evimage/ev32c.png
9483C4A97D852C70BA773E78C662198314A6E939A08AFFBAD690E107FD7947DB:evimage/ev15g.png
94E1FD523B8BC8A25B1B76D0177424DD82BA77FCC61ADF9B14ED5865C35AA7DF:evimage/large/large_ev19h.png
9536F764AD531E1788909CEB596275575037B434E36ACEEF65F237F35962FCE1:evimage/ev31b.png
959FF197D5B340D6DCD4146AEAB89845D3E28DD34BC29FC8E63E4D7E6A8813E9:evimage/large/large_ev26r2_n.png
95D48ED1E655E49C554BDD31F6115F27C283E31A03C83D1CCA25D0F8CC562548:evimage/ev53b.png
970A2A5AC2146D7BD9E5E7CA13AB4EF3BCA2E1E71AEF45B1AE1BC7F8A3127565:evimage/ev47h.png
974DB62AC110255BE52D93A559BCBE1D7906D6D010D53A00363424FF130C62B0:evimage/ev10h.png
9755B5EA1B615F7ACAAD14F8E0552D69BDFFD556811B6469933D91876D1ED1C7:evimage/ev57a.png
97814CB987EC2C400A5EB596261FD8257A66D914CDDB7A5DD7BE801DF162ECF7:evimage/ev21l.png
984D510DB7535513E637E193AD97B93B05CD4A059AA6D506E6EA33A2255165BF:evimage/large/large_ev21b.png
9864EE0075B973BA2E6B5C0D960A2008EC56F4999B8CD057A36CB1D6752318F7:evimage/large/large_ev60d.png
9886B345F6AE01C020E116BEE4FE13FBE0A4F2EB4AFE905E19C7E4DF01A17DB9:evimage/ev22a.png
98AB3D60B16834F7526B448443E4A5DE9734705B30B981E8E619F5DD175234CE:evimage/large/large_ev19a.png
98D51B900B37879456AC8D36985CFBE5A861F0FBA754A30951F25335B1DCB501:evimage/large/large_ev06f.png
9937A409D59FF7A08E7584B4AF3D68FA0375F828881157A47803F98E32E125FE:evimage/ev15o.png
9969C2637FE8ADB553F6162C65AF7641CBECF32297B505BA5CA734013CCE2839:evimage/ev02g.png
999AF39F0B7EC21B4B5C49E576514B8D6C5014FF84D06672B3AEDAE6EA4FABB6:evimage/ev15e.png
99D2904A1D6DD537B06E5966B3D9AF8A23EFB87FC6E6F8DF31C9D0BAB4F55C52:evimage/large/large_ev02h.png
9A235EDA10E8BC6422ABE300A5B438F64CCA15DB9BC0A6EF080AEAD0A1B84028:evimage/ev26b.png
9A9521A786F4C52714021675698E7CB384CFE6FB2993BE4F62EFE40234D2CF98:evimage/ev32g.png
9A9F04752C96A9B9AA4BF5F70737F74EB80A85B353CD7B1920E8E7501A2C654E:evimage/large/large_ev66l.png
9ACD02EA1309979DC62501FDD42CF4E70B9A7213C29BAA9DCC4A98593A62A36D:evimage/large/large_ev60j.png
9AF8E3197CE05D637317E22583AAB62C90226D5069F59E2ABEC4C608B562C869:evimage/ev01i.png
9B609712F0EFD376B4DB0B07BD7891EF4164CDEA1C536523CFB284B20ACAC381:evimage/ev63i.png
9B7304991FD6AFCB0F0F64F8F8C362C13141C8A0A87A74349CBAF73358B6BEF4:evimage/large/large_ev53i.png
9BED1E5E1F06649B54E09F7B79EE162BFC9DACE07BA18FBDBB9545557892E5D3:evimage/ev31k.png
9C0473D9732597ED37DA85E221F53B493FFAC15D1242AB8FC3C170F11132B619:evimage/large/large_ev55b.png
9C0CD211211F84AA37268EA35958EDAF19A81DA7C3E90DCB393585C2AC6FB84E:evimage/large/large_ev15b.png
9C0EA2B8E2915AF73AE2C9CE6541692D24EBDD8A485D494D0ABEDBBA2B009F76:evimage/large/large_ev18h.png
9C2FB4463D956B783370AFEB9CD1A68447F3863AED458DAD78DEF5379DBE0D34:evimage/ev46a.png
9C9A28508C249BFAA6ADA6379F7C5BE9C10E483FE9C216E59E4A94C0CB5A2B13:evimage/large/large_ev57i.png
9CB46B26855ED512790D340186AB750FC68258A1C50511A3E28CA60C380D6022:evimage/ev58f.png
9CB58814A1A5B2307CC052FD5ECBFDC0D23869C4AB639E71C432185EF57FD657:evimage/ev28g.png
9CBA5150080B6E0B53CB857DB17DFC0A6CE8F15C707DE5E40940F504FD642F44:evimage/ev06b.png
9D5BC2E22C54E55B2239649350E8D40300137699B16D45FC3BF4E75308354D2C:evimage/ev43m.png
9D84AD556A19152DABF680F999E342A566C92DC2CA8AC7447ED4C5D03117431E:evimage/ev25c.png
9DBC1F1C4254DBAD9140F9F798FCDFB8F15479DDA50418256B2B0EBD60741AA6:evimage/large/large_ev54f.png
9E037CC3F39E214471B5B220177E2B17A3A7C9E1A77D8EDAB8877A1B34667D8D:evimage/ev21j.png
9E7D99D86004A4C6D19EECBB81ED3E7AE66361BFCEA98CF0550FAA6A7DF7D044:evimage/ev18d.png
9F7224710EE0697F9D8533F7BB14D4B8C605255367A5C781BEF3D564857B0DD0:evimage/ev63o.png
9FC846C0134C22B09494BCD36DC1FBB39848D134983AAA2D24B21FED333A630B:evimage/ev56d.png
A07624502F796723E90F0163FB1B578336417D2DF98CB422E8926854B5BDDA53:evimage/large/large_ev52b.png
A09D5E3B26D7EC52BE4A37169989B088DBB5FD9FF3C6CF4A603DDB30689B3B6C:evimage/large/large_ev21c.png
A10A0A8A88A6AF23A75BDC97FDE68F2DBBAA01667C9D9B146A1C31895E4292CD:evimage/ev15q.png
A14A4551F516389B3C2B8A4FEBBE6785E775182D65618C1C9044A523961F012E:evimage/ev67f.png
A15C61B0C825C978B42391879948C104309C147553DAAF2698A18A1DEE744FAB:evimage/ev52e.png
A184C395EDE7B45ACECA4FDC7ED93EF3D92DCCBB461409249C32D66D0F028879:evimage/large/large_ev55k.png
A1C5E5292DB794B9125655173B4952A53959FFE86394F4C05457831BCA3D232F:evimage/ev66g.png
A1E82FC3368AB27AD8169C1CFDAE968D7B65F38155732358A8B9391C6BDD674C:evimage/large/large_ev53h.png
A20540AFBF24E12EEE950A6958E95A17B71AD91D91A0061ADA927BDACFF81F0B:evimage/large/large_ev11d.png
A2206DB0D8542340BF9C9EB7DCCB3CD0CE239A2C24748AB12F0BCBCBCE7AECC2:evimage/large/large_ev60n.png
A248C89AFC555402F1AFD3CF6047C61B56211B6137EF149ED6C4C3F76E723418:evimage/ev23c.png
A25DCE2BFFB720223DB56DE0B4C633469B85B351CA21E73272E20AF7C8102F52:evimage/large/large_ev61c.png
A29AE6A534C32CB5E6458A2C89F2CA04038726015BA10B0E8BD28EBF8C4D56E3:evimage/ev13a.png
A2A32BBF3E5BCC764A46C58EB6345E3FAFFFA85D9F90CF6081AF61A2069F947A:evimage/ev61a.png
A2B52A9AFA3AE11E9681FA5646F087A9EBBF42599D067245DE78BC3EDC6EDD03:evimage/ev25i.png
A2C591BFE61AF3B0A69C97498D6438EE535B1B04711D635502A66E5704359EAF:evimage/ev03d.png
A30CAEB2C47C11E71621CE21D551527F85CA10EAD3F1AA049E262B835B67F8E6:evimage/ev14e.png
A31344F148F6721B26B998E2950AA5D2739769952980E6503C66B891F0EC18F8:evimage/large/large_ev36a.png
A36CBF65D318E44C2A01C61F30DB6A777A7ACC65010E97205B8A5CFC0999287C:evimage/ev36d.png
A377EB8C390124815643E718E55BD9C71BF0E0B06EFC274E09A4B0A4379D2303:evimage/ev11g.png
A3A5273CF9D258DBDC26C18C15036DEFA540DACD6AA7D82BE26142BC8F69C932:evimage/ev56i.png
A3BD339398A86CC6707D14052EEA4122E0E30934AA1DE12005FAFD8B9E78AF89:evimage/ev62a.png
A3E2B0825BFE3005FD327CA38DDB9823633BD85373496E022F8DFC31ECB23DA7:evimage/large/large_ev06e.png
A40DEECCD23228F1EAB4D786B9BE7BBADFF6E2CB4045C346FDE2EB50242C0411:evimage/large/large_ev02a.png
A416881C73CF51F1B06DB6D85C61AD9BF1EDDBAB8ED37653AABAD9AA4C56D76A:evimage/ev18j.png
A4964FBA638B73216D78910D5BEA947C986F0B8414D7CFCCA4F1307317481323:evimage/large/large_ev28h.png
A4A68C8BB2F106EFE1084DC9BB350F3B9136161FCBD7C1C3C814DCA6FFDB7382:evimage/ev24g.png
A4C74670E682174DB8B06FF23BB6C10FBA7C804F18112C718F7AD0ED72EBC10E:evimage/large/large_ev05g.png
A50550198DE65B4CC56DF9E63D1F483462A128CF34F28BD16B3D945DE06E6278:evimage/large/large_ev28k.png
A5676266FF24C4221B2F85F6B605080246E938518EE4BA0845A692E310AC23CF:evimage/large/large_ev14g.png
A5AB7447BC6F077684D338C34A7B8DFCFA9204CA92E925991C41F3242FC6F3BE:evimage/ev50a.png
A5B73DBA49352E0144CE2C3C16A81922A1A94863A2040B08596D507A9F17445E:evimage/large/large_ev54k.png
A5E05DE74F30D2FF0C7F62EED2618AF87E24FFFDCC730C32ADC80519EABCEA87:evimage/large/large_ev52j.png
A5F2B7A2EEF2E708178762342213364A4911DEA91A85131925C6961383491796:evimage/ev33b.png
A5F4759DBE1AD5EFE7AE306BC136BBDE83FC2D285CFC018E7B51FF1E7B753649:evimage/ev26h.png
A6548838E5F6522C9C39775E4DCB45589FD5667512FF2E85974CE406E056AE98:evimage/ev53g.png
A6BFBEB42FF0D6A29DD030AB839D020521F1AB556CFF502A8C90BB380F911B23:evimage/ev48f.png
A6DA2417BB6E264011E567CE91FE333A440CC3693F7C3FE8CA98FD97277F341C:evimage/large/large_ev57g.png
A702A097938B6FA3C42689DBF349527BAB9DA22FBBF5BABE828118A96988E76B:evimage/ev19n.png
A74A59EAF7977D0F034FF1A6295ED7E9D25B4E2D67BA0C1724A4A88C0F859E4D:evimage/ev51b.png
A77F7187EF203AAB1BD406BD5C128B36C861F152F635800B1F75E3D81AF464D1:evimage/ev62b.png
A7E8C379D17CF7DA1C12B2ECFE8476D5F5724D34100539DCF0F92D75C7E746D7:evimage/ev60r.png
A7F81A0A322C9E34B29F54EA27BA68B3151FA2A7A4C947D02AB3F7EABA4572EB:evimage/ev41h.png
A82C39E925088C7AF3E35C10C12DA5AD8FC36FBC765462ACCEF22EDAEE792A13:evimage/large/large_ev15v.png
A83D21C886331A9E7A179F3887EEB523A3A5B6AC6A348EF4E2BBC15E4E683205:evimage/ev31f.png
A8778D044AF4D1263D104430B88D2E5A3B233771B71B47E35914E5C406C7EDBF:evimage/large/large_ev05f.png
A8A951493492D66BD9A093004833C15B64EFA8E101514AA1FE27BE7DAE5491A9:evimage/large/large_ev66m.png
A8AB57157D5CDCEAB0EFFCB284689DF1DE84BAE8F68BF9992D0A931E3E45F030:evimage/large/large_ev53b.png
A9CF6F3268E1313DADC0A61B017CBB48B86969B67A02D6CF4E48460FFE841C2F:evimage/ev64b.png
AA2F0467BF3023443BCEAF03EE13C96AA407FCFC437468C5A9A407B59DC2A9AE:evimage/ev65h.png
AA439E19FA87A282417880D996053A8BDB74D08C0E33BD0B0B4AA6EBE848DBF3:evimage/large/large_ev23a.png
AA4B6A9C8EEE4B28A1A51D42F9A9F40D16A98FCB6C009885C503CA8BC0AA46D1:evimage/ev43l.png
AAAA6EED1E63673FD66E8E5F4B7B6AD6D4DC3545740B9FDE33201EA801F1A556:evimage/ev27h.png
ABD3FC22349F9D98A2211421A21BD96A44D9F09B955666EEC2975C889EFC80DA:evimage/large/large_ev10m.png
AC044F5905B2DC5756DA982D55AB8B5828871BECFF983A836DF2CDF4E0939850:evimage/large/large_ev25a.png
AC1B6DD5E12FD06B40E0A37A66A37E3522CBA20BB7508EE0F426751AD93DFF06:evimage/large/large_ev54e.png
AC3C72ACE95FC12DE5A43D5A94E8361B67277BE4D3A846072CA3629E2B055862:evimage/large/large_ev57k.png
AC4CD50AE35F5FBB4F807ABB28ACE5A60505C47A0CFD35A80FB489272A1D3BE2:evimage/ev33f.png
ACFC3D212E9B739C8E5047CF267096C8973522E494F9B39D8DDC9A5E8D0E6146:evimage/ev22l.png
AD005468A34615D1A96C36B83E4857BDCF3E8B10B0BA0F76F9917BE9707FD4CC:evimage/large/large_ev01g.png
AD3AA4E61FA6F1A2F698BE37BA74F66556B4B24ECEC34D4D15AC952AE77D88CF:evimage/ev10a.png
AE8F4B6A6B17FB162E66BF5D1D3838745FC12F30721C6EFABAA0DDE45D4A0EB5:evimage/large/large_ev19q.png
AF2B75B6B15C430D557DABED02B98E3015624C6383857593E37DCC9B1C69BFDF:evimage/ev11d.png
AF3E1183B685A016011337BB9915C69175AFB6EA338263B97985086FC68890D9:evimage/ev19g.png
AFCB63B9D9B6353C604A8306854D3E0EAAEF8D260FDB13348BC01503D6F10128:evimage/large/large_ev02f.png
B02F4342E96306807867E7BFEB82A8975BC17413414139603CDBFBFDEF6BE950:evimage/ev52d.png
B07FCA2E011EA5DF69B5AC188E761BBD7A4A219BD959F5D02E1DF1A3E758DDCC:evimage/ev28f.png
B1490C2633C695EB26B2CA92197919C2153DF1C7538741D75DBAC909276C5A0D:evimage/large/large_ev15q.png
B152D650323D82241D83E336C7ACD3FDE1B47338D18975A5C75F18FCC56D796C:evimage/ev46c.png
B18286E664BF9484923039EA4B836939A866A42F65FB4FE2995F323FEB5AA17E:evimage/ev13c.png
B228F4CD9285EE3141735EA65ED9FA69CBBFCBED8B63124A6177487D8F739354:evimage/ev29h.png
B2E096D35D69A3A9FBDCAB89DF3D42B0087DFDF1E582F29F73485ECB0B647A57:evimage/ev27n.png
B2EC51839A3086D2B7E89240D96777059985DB7C7F5FDE91784CAEC3BDE89EE3:evimage/ev46f.png
B361F4DB038BDD49CD7A205E6B504A1932640B445D32EC6B35159F12943218FE:evimage/ev57p.png
B3BE2783A5FD5B0F868E91D480841E35FFF6B5F358CF7581B4DAB3BFB3574347:evimage/ev18c.png
B45221AD6C545FD75F9BEAE2CF2D6F8FD0DAFE1799EBB5050986437613244CE0:evimage/ev63h.png
B51138E23F97FF1F8F97EC8744F4228836BA13AF3093C99405A246417E535319:evimage/ev22c.png
B514AEF7157299D68553734484870654AF1B1364630C46DE70ECBDDFB1FE7CE2:evimage/ev13j.png
B523FD0D5AEBCD011A528E63549CA2BAC22A57A896159D3B16478727772C39E5:evimage/ev22i.png
B573701E0A801A5AAD9A6B41507DEEF0C672BD65E8400997BFF9C197AA9E2D7D:evimage/ev15b.png
B57CE8709F08DEF207EAF47FD64F31DBB9A559C2407D236B31B667E2D6569F6E:evimage/ev65d.png
B59AF097C817C9A1EFA9DCCCEBF1C8845C94EF0B80E92AF341B57D858A53ACCD:evimage/ev21k.png
B692E22138A7DA7C00425753BB68E0F05AE6CF06905F913EA119677C30DA5334:evimage/ev41f.png
B70D07AFC51670FDE066F7191087850F5A8962DEA846165BDD8EBA9A181BCD8B:evimage/ev47j.png
B72CE433F6049FA36FE915D062025F198647C6955B79283AE34BF1F2E759C852:evimage/ev31c2.png
B72EABB219880E5E4D6C7BF8DEEF83735A5DAECB25291E4084F57B69DECC1A1E:evimage/ev15t.png
B73079E0F6E2867D8E2A10C34C048F1869D61066D4A7766A05C112EF2017796D:evimage/large/large_ev42a.png
B74CAA2ACA745D6C5D36DE43D9BD8C475AA24F63AC17F7C94A04AF92A8CB107E:evimage/ev19e.png
B798AB0A3AC5581D1E7C25EE4F63FE6C4F2F40FC6D21DD1845A24B31FE23C7BE:evimage/large/large_ev21e.png
B79AFA43CE09D63251ADA2FBA7770CF4A70B0362F75853C7A2A364873B5AFEE6:evimage/large/large_ev66g.png
B79F969A05E53E404180645671AE1187F687952A8326330DE8D4853120DA3ABA:evimage/ev15j.png
B7A550ED83ACFE700325DFE200274127FBBC43AD847453443782B54B2558B62F:evimage/ev56f.png
B83287639F4C8FC41964C8CEFAC535EAD1D8E0E9F683BF0268B27C8AE29F4F38:evimage/ev01e.png
B869A26ABD28E15A6722B92AFEC05E1683D080FABAB10ED20E51577EF7CC4BA6:evimage/large/large_ev01j.png
B91A1CE553BAE5C37A98677ADB2AFE8E1B1F2A60AEC055FDA687FAC869380BFF:evimage/large/large_ev10h.png
B921C8D418FCB6566D3A70F063327AA0DAE8A3CAD8C786861A068E4CAB9722E2:evimage/ev12d.png
B94B295C48553AE4B5D172765A0B2860319F165E7392B66C18690C6B6FCA95F5:evimage/large/large_ev57b.png
B990AE03B5B4CBCF12BB4C6A6635969284983884AE97D228912A3614A6FA8798:evimage/large/large_ev26m2_n.png
BA6B0099BEF532C721B2828C0EA22634D5417F0A4DFA51B70060AFE3FCBEC9F1:evimage/large/large_ev10k.png
BA7E18EC9A65D8C821DBDCED3B349AF2BE2B56CD2B9027B3A4A74A368F8AE1CA:evimage/ev32b.png
BAA4E25FB543898AA8D87BE3BE9F5C277FCC250358617EC397639863D6FFCE43:evimage/large/large_ev15e.png
BACBDAA2E1469BC06E4D9A64534B62B9711F071395055414B8FE807025FDF342:evimage/large/large_ev50a.png
BB8A7E5EE5F1344A12ABE9FC23C020C91B3F602075ED991C203C1D8CC7163DEA:evimage/ev53f.png
BCECD2A8CFEBAF651A338C49EAD60D697830E2659DA9C642C980865ECA96AC04:evimage/large/large_ev10n.png
BD07ACCF98B6F6395A043ECE6D8F53F938BAA1D97D47A0B9C285B8F10914CB91:evimage/ev02o.png
BD8262927272361297A5D978E1C28E98DB7F963F683BDE0025A0DCB37DB00346:evimage/ev24o.png
BDC73D00C0A35597ABEBD0268503ACBB9A8187C9E9DB25EB87394E1075AFC729:evimage/large/large_ev19l.png
BDFC619E6AA2598804C2013C8808D1135A9B66FDFEC364F4C51D37ADD19EF455:evimage/ev40a.png
BE43F99C9DE666D18116A47D80CEE6DF6DDC17EA149CB8DA761794A273B7393E:evimage/ev12e.png
BE80FB4F3D27820118EB2E563DA9DA06339CB5B5C9623CC9137E93A7FFB02B23:evimage/ev57b.png
BED41391371F7C8BA4AF15DB53C9DCAD0BE949542E1C757F98027C2F5F0F010C:evimage/ev28e.png
BEDAE0AF45E4A27A95DA3F0DC70352CC2D895264D19431EDB73219CDAC8567E9:evimage/ev43a.png
BF016B7790FAF3E40876AB040E3B32C405A4788D28913E352361410239052E2F:evimage/large/large_ev64a.png
BF23D8E59264AC03D844EA138980A94A415424F9A3E41EA328434A9F1582DA86:evimage/ev24h.png
BFCE374DA9631B2759B62394CC6180FE57F2B075E535A1CD0639EE471DEE8CBB:evimage/large/large_ev49c.png
C0441B5CBF3A710C793300068C5B1319CD36CB45EA0014C0D9C33F565D453107:evimage/large/large_ev25d.png
C078A57D768A91705A2DFD4C8B71E8D84DBEFB645CE1CB05442ED7B69F920911:evimage/large/large_ev64c.png
C07A5B78EDEA8A0372CE56110D7EF244664DA1032516316AEBD5213638FAD157:evimage/ev18a.png
C0ACCDF4E2FCC3975A60C47E67CE59B3F408AB997725B8F6F6EC0B39BBFDC296:evimage/ev19k.png
C12E5AD296624CE3F51666F0E7EF43C94B0D37560F2D9358ED45D4C9DB553B1D:evimage/ev14a.png
C143BF4D459FB9470EAC9510E21583E8B6B26654834C107AD862F2C0832E2841:evimage/ev47w.png
C155A2D6992FFF2AF2F85ECBA7F588F58E685E862FB1E35FF7DEB2AC292A7925:evimage/ev06d.png
C1A3D7B1040CB84316BEE6569EA62E8169CF1183A8E73B0A3CCEC35DABEF7297:evimage/large/large_ev62a.png
C1C0E16E146130AE0CA98138D7F9D182EB14AD7B00403C5B84A6B0786A6DB754:evimage/ev63g.png
C22D177A37569A46550149FD185A72BEE28D0367115984B6B8E8FDBF606F5197:evimage/large/large_ev15i.png
C28E1F479436B326F6452D802FDC69323F251D7E125E6CABCB528342E9CE8769:evimage/large/large_ev18c.png
C28E33E6B718CF389C6FCAC5C01C36C0A5516A7202592BCBF0AB78BAEAA4AC84:evimage/ev24f.png
C2B784D9DB7722B771737C9DDBE840717DFD1EA9F82E5C6ECCF4CD01591FC86C:evimage/ev57g.png
C2EF869A7D2282E6C03C6063CE678519271B901E27B0306A5D55C13F26472FF0:evimage/large/large_ev36b.png
C3271FD5AA140A2210CDC996A31E629A4BA88596F5D57C508388FCB15622328D:evimage/large/large_ev05a.png
C3458B8107349197AFF8079B4120817914347D93035695B24BD3A4513D773D14:evimage/ev31l.png
C35F1574E33FFE748AD60140E616E3B8FD228522AE6AC68005316D0C3A918EF9:evimage/ev43e.png
C3C5205C253FE17F1D81FAA0F4C5524A753D8A4B00C283ED50A4E3C5106776BE:evimage/large/large_ev57p.png
C3F4203C8BC6991A02110E363403A6A07961ECBDFBDD2FF332D791CA662D1398:evimage/ev47x.png
C41E3D9162614ED492ED31610220A46E82F09DF04DDB56B6D6E608705500F0D1:evimage/ev15p.png
C4617AFB190ECB2DB8DE8D6F3FB3B800E97380B5E8CBC29CD2209BF67789094F:evimage/large/large_ev14d.png
C4B9081B2BF296B36E2692D9926777E1698EE5FC15249BA4F58FBDA9CD9C615E:evimage/large/large_ev03e.png
C4DCAA3D0F48ADE1CFC010ACAB14F249DACCD5927BAA2FEF7DBBC86EDCB55693:evimage/large/large_ev21l.png
C4FB47A1A1C1D90151332D7651DE7B809A1C2CB27EDAD82F99629CD4D7F994DB:evimage/ev52c.png
C51F7A4CFEDE0C8B68FD01400692E156D9AEB43B9D2DB7AD45B5055BC7B2BAFD:evimage/ev56c.png
C5362EAFC723492DA943E142658578286D9E3F25F3564AE9DCCA9141CE512431:evimage/large/large_ev66d.png
C58771A9B9CD6A3ECA98E5A7F0AF9FB125206E7E07695F6BF63262BE6FAE2B49:evimage/ev06f.png
C5D2CA7EB6B6B3E1057848AB53BE613E5389E1ABC385119E894395F3055B9B33:evimage/ev56g.png
C5D424BE5D54FB8F8C081D6E6BE49BBE2C4E52142F00DF6E35FE0974A4BB51F9:evimage/ev60q.png
C5DAB49015930A9C3E2658FAAB8355A92F97DF3310455BE439CF9D45DEE43952:evimage/ev27g.png
C5F4531EFC917B7562683BDEAEF2B5B636CE9A66C10E5D5FE2D278B4EBAD2375:evimage/large/large_ev57d.png
C682EBB004B332537D33E3931E517A0F2FBF1269CF124ACFBC8A04E9C909E4FC:evimage/ev27e.png
C6CF44C7FE25DC05B4417215D5BDD7BA5A2414E616DF394C2CEA8BE43638DB90:evimage/ev47r.png
C7321B3B833C7DB88A780A1F37BC3173FDDD489B3966A6744780DA3CDBA0585C:evimage/ev24l.png
C75414166BB25747DDAC9186807DB6C84DA071202A297A30D11E8B58017E64A9:evimage/ev06c.png
C7605DE2D989CF254BDF0AB9FDC4EDA78BE3314B56B16B761C8BF1AB6D9046EE:evimage/ev02d.png
C81C26B56768A596F2B013F382DCA2857CC71960E921DF0FB3A78A1B93E73502:evimage/ev66f.png
C81E29CD626E60CCB14767A21DCD7AE590C30B7A2CE6A12302E7A04AA871F380:evimage/large/large_ev22b.png
C84EE1A2A2733C1ACEEBC154384A35DD56052C5AF40D50EF39F2BF101BDD56A5:evimage/ev31g.png
C89F92218C2AAC9DA0751CCFAE3C379D834E229EE0B2F3035DFF3F9E181FC235:evimage/large/large_ev14j.png
C8A5CAE398F730132B7A267EFB1F29F05AF4F90032E02E485DF4D2B14CC4889C:evimage/large/large_ev66h.png
C8AFD4180430BE7B6F5E31A06A50C53BCC6F9F2ED9CB3D55155494479DCFAD84:evimage/ev15i.png
C8F40BD23D0AED1A472F70531F28CC298781727871B6C137ACED1FAAE72E11A8:evimage/large/large_ev22g.png
C8F4421CAB2727E6EA63E4E2DFA7AE1A373FF1E8D0F1EBA7B416A8F1DC242B40:evimage/large/large_ev28j.png
C8F8D7553BFAD06A3AF7CD48689F305F71DA2162F8C1E0CB4D5725BB56434F03:evimage/ev46g.png
C98D882F7F1999127CF0B3BD93454BA6319E288C17C05DF37E51CC4A038889A8:evimage/large/large_ev02j.png
C9C6447D6D1B6D60ED5080BBABAA6963EBDC88CE1FEB4E9D8BDE88CF82785E7A:evimage/large/large_ev01c.png
C9C9F0A64849B226E4657A5B7EFB25EBB3CF3977C9A42694D017AAA0A20FE930:evimage/large/large_ev14e.png
C9DA7E9EDB2E60250F204A7C5826203E04F17AF7EC84A3FE875B04EE06F971C7:evimage/ev24e.png
CA2B76EAAD7CF4821DBAF8F4CE26AC5CADDCD04FA9D696828FB973FCF690469D:evimage/ev47e.png
CA3445D0839CBB529A02E00257179B7017BDCA01D33D0048AFC9A8DBF7257FA4:evimage/ev24j.png
CA72A4ED7B720CE0DE9E2312E70A510F4BE08C7A485B5842EE364D83781DCDF3:evimage/ev27k.png
CAD3DC77FA899D5D9A2A2E0F461AA57ACB85EFB7A735B927C7205A6E6BDAF1FB:evimage/large/large_ev28n.png
CB0F4724FB7FB99D0DA3D9CABEAA57521F641675BD5DEDFD18701C488CEFA0FE:evimage/large/large_ev05h.png
CBF99EE86F9D238AB71862A795885812302AF905B5616244A8A8A67E80A9CE5C:evimage/ev14j.png
CC0C65D1A00A268EAF69E05DB3D50E542D732EA025C41ADA9B7249BDD0F9C14F:evimage/ev60k.png
CC13156CF8FD5D55060EF82CDDD4E8B38B3F0CE4394B3E821E519891E59D726A:evimage/large/large_ev42e.png
CC65743C12732024C29DFFFCF46F707B297068BDDE4D543441CCAB53BAC25996:evimage/ev18r.png
CC7639BD14C95C32AADBC3E01AC3406C74D9C6BC6D15941F33CFF5D4525DAB20:evimage/ev01b.png
CD00F163DCD6360EB3C040E0169D6F75EE9CA9662641FD4EAA54D560F1626548:evimage/large/large_ev18o.png
CDF92FEEEAF7A482793CD296038564EF63B58F89B3EB780957233DB57D127A87:evimage/ev30b.png
CEA065BB24818DDA2F418F68C7B5AFCBE36FB2E45F9E40609C177C414F2C6BFA:evimage/ev67e.png
CF299804775E58AE273B486D55BD8CE442AE4084C999A4945C0779623478C61D:evimage/ev01g.png
CF40F9F682CA74C918345CE73ED4CC6D1C3A50B12A872B786B17476AE35A0CDA:evimage/ev18b.png
CF88DECBD4EE63C368BA0D52150FC186B035C7D8EA5A89B29C883C631B107190:evimage/ev15x.png
CF8DEA62EC09D910304B9F50732EF8B0300FDECC31FA2AEC6A72D6C610B8C655:evimage/ev47s.png
CFB21EB0D1D68213F48643ED44AEA9D8BAAA4AF9D75F3252044D4CC03E279C43:evimage/large/large_ev57e.png
CFF9888C7D5A53A1B3F51FF45543740B042BD1E40FE354CA577F86DAD9E889F4:evimage/large/large_ev11h.png
D02440E9E4D17EDFDD26BE974540599E3049D90EDCF598756281EDB1D0D27297:evimage/ev28r.png
D04D1034B1633E54AA70EB2806E8D6205C1AD322E7242A1741D866CD85ADA997:evimage/ev63n.png
D0C95CC9479DC38D0DAA23652BF2628EADF581ACE93026487A556472610283AF:evimage/large/large_ev15f.png
D0D80D416D2D4DD877E76BBF1E41C7D0AD093CF293CBDBDDCD7116B0D08E5258:evimage/large/large_ev60a.png
D0E017CB9238A7FAD8281CA5268D80B4A2E2F1A16AC5A14F813501E1E116E6E8:evimage/large/large_ev04d.png
D0F1AD92142BDCB6E37B130F74CCA4F9D6153B25982591514BB01875ED0B3888:evimage/ev65f.png
D162929E3F92B85680FAE87C2B77EDA3B427AE797682FFA31E8EAB8E7CC6829C:evimage/large/large_ev54g.png
D17D2D90BF424F46910CA5A3CDE4A12F9EA7EF914FFB85379D51632DB2973422:evimage/large/large_ev18l.png
D1D084E600DB6191624FF4F9E86747BC2BC41207CD2A0BA926164D3A9134675D:evimage/large/large_ev57c.png
D22B7A3244BFDB767F622D9111DA6D57C2566A278400D8335F7FD53AA277D8EE:evimage/ev09i.png
D2577E4C7C5933F837052ECFE5EFAA2486F4EF51406F250F5FCA9A152D596A6E:evimage/ev28c.png
D26205A64D662D84A8A746A50314E61AF3F0C884BC963433F902F4ABE71A1750:evimage/ev30g.png
D2737C0365343710C7B92F5F88E5D8B50021EA97FED4CD8FF3E9B7E6561014EA:evimage/ev47l.png
D27ADE24B7248AD331127E71709B4A821932C896016EBF49FCEAB52E8CF49527:evimage/ev26d_n.png
D286FB90C14E0089507E6BDAF6C83C0691EA4B53516F9460158EC74B782C0E00:evimage/large/large_ev60b.png
D2959CAF4781ADF8300AD0D4ECAFDC5D06936462283DC722D9229E2FEF71EB78:evimage/large/large_ev53a.png
D2BCFF56F374EBBBD14E5B7EF78BF78E9CB591B9906A6FB83A807C6921833061:evimage/large/large_ev55a.png
D2F343DF03694AEB9D5C707DD316A68EC03CCE011416EAE9BEB733856E188E7D:evimage/large/large_ev54h.png
D3099890BF4C2B308DC225102EDB4FF7E09F04B0539CCCAB8143BB33D983F1B6:evimage/large/large_ev05j.png
D30B1119BA73A859600C2AC7E7047B6C10A85C93BB3367BFC7EC91197FFFFF0F:evimage/ev60h.png
D35AD648C5A27779F6A41F73D60DEA3400AB7BF57A213F1AD236D896D46FC771:evimage/large/large_ev08a.png
D3673524D045233F5A9EAA352650E6F47FDA5D6232832045A468474031A0249A:evimage/ev02k.png
D39647640C69E5C430733F50A42A778A2A386C913E4A15C593429B3D2ADBAF86:evimage/large/large_ev14a.png
D40668AFC3504896B3A4FCE38FBD610E6D8CFF6FB7C05DE80B3CE9C5085319F3:evimage/ev41g.png
D4870182AEAC57337568327244ACC674AE38BA12B428ACB1B1F5D0C4273B61DE:evimage/ev29i.png
D5120054EA8476D45EBF2E2A2D81C30830EBFD1C5E4079225060FB781466F913:evimage/ev42b.png
D54CB296F893669AA91714BBAF7267A4D77D3772BB8BBAC7B06F37EE4501C68C:evimage/large/large_ev55e.png
D5D09A1EB706408D91402C7DE332CBAA4E1C2886AC215E720207D458C922E46D:evimage/large/large_ev15g.png
D5F05BD60551E6BAC55C8C3CB9E56B09F4CBC97A62813C49F9562DD0479AB9DD:evimage/ev09c.png
D616EAD4EC23CB6DA046E8542156E28C310C988EE8052CFE786AE40AF392E98D:evimage/large/large_ev18p.png
D65139C01CDB6110E08D12F6A2E881DA362DAF4BE4D12A481A5FCA866E446A3E:evimage/large/large_ev28u.png
D714EB9C3A7CA80C2F5BEEC035E6CDA081E7ED683B47940384A1225F2033C1C8:evimage/large/large_ev28a.png
D7280A8D0D44C6D57F7F60C7E29896627F14D8365BD8046CCFBF650449808A08:evimage/ev53c.png
D72D41E1D5984A613CD5429F2E15A83F1F7645D445D7EE3143E1D27C3F216906:evimage/ev23f.png
D7A18B979D1BEFA66F03AAC719A130410C657FE6E145D9E2628A43C3118749C0:evimage/ev32f.png
D7DA9FCCD3A2EBC8CAC7879756708D825FF3C7886BDF91992F7E22C140559DA2:evimage/ev11j.png
D7E98BF8DFF69B9006F55FABC0C8401CB487D13CC4177A6BEB0DD46AB2190A4B:evimage/ev09e.png
D81ED374D943C85764951F8BD61D7371F9B0C55717BBFB3690A94FD8422FB504:evimage/ev60p.png
D8449EB7F7987A6C124D16FB85F70C8D57B83B5454DD1B5CD01B681E3C052BDF:evimage/ev34a.png
D8F8DC5605F2CD420E5F334FBCEBABC4B9F4024108A554B7333C46A6A114670B:evimage/ev47i.png
D96C0BD6F78146492AD3F0377BFB62138E78BE627CF5DA8BA27E3F633CADFB4F:evimage/ev19j.png
D9AE94A38EFD620DEB915C098B33DE5C2675031937B3CFF0619208A1C2DEA3F2:evimage/large/large_ev55f.png
D9CE4D28F9285582BF3042B87505BEB7A6792FEC1696561FA68526F6013269CB:evimage/ev60c.png
D9E103D09C93D0A4A74C46A969C74D9DEAF51DF4D236B92B48993ECC43A9EA6C:evimage/large/large_ev06g.png
DA2D4D55DCF4D77ACF54405E216F721222E17E277CAD2C0820222C7EADE2A949:evimage/ev55f.png
DA9BD378484A20660902E222B7307F441EDD079807243AB6349D2D62D0DAA04A:evimage/large/large_ev66e.png
DAB2ED9F8DA31FF214146A7AD490CB4917AAB4A4210CEF781175290BB6F301C1:evimage/ev27d.png
DADCC4C41481D49B37FA14CE0AFD8617FB2E47EE1763DCD69034910197A0F1DF:evimage/large/large_ev60o.png
DB9FFA8FA4B7E72D8F52D477D493C0324E4C76557E93373D406ED089082BDF66:evimage/ev30f.png
DBEC0A55AA7302921507C1080687AF80A1CADF7AC2652085149E4829EFAC08FD:evimage/large/large_ev28p.png
DC0BF893B0A5F045C7BECE15D97551E0F20825A20CE82D29B03229DC412AA9C3:evimage/ev60b.png
DC6BD3EAD257479E6222953A2FB107BC97C48F7097882F4495E6ACEF8D83A392:evimage/pkeycheck.tjs
DD18F1492D77CDAC8C63511AE23140C1072F32A78A99DAA7D4443FD36BE651F9:evimage/ev26f_n.png
DD2877B4A4CC2C5C931C231294DA00AEED1410B165C520D12189C2AEF1B5E6D8:evimage/large/large_ev13k.png
DD6ABBA42286683D833F5194D4657E715D074CD7734F3EEC013E6AEEDE361653:evimage/ev58g.png
DE01195A40A8FCE4765C6E019BBF7C550399B4D384C0B67B5B30F9E9294D6840:evimage/ev29c.png
DE168F8487F4A15939B242A49508CB5492BF5718D3F80FC972646EE6023190C6:evimage/large/large_ev22k.png
DE3FB5BDA1EEBB746628F6F38F0F5CADF4338385ACC25CBE0F2F1BFED27DD8E9:evimage/ev36c.png
DE5C5531FE63A370F6EF82F7B52281C727052C048BD24D1558ADDC5D7D8D8A75:evimage/ev47m.png
DEB92FF240F5E225E03CC6BE8C2D59F41B76A00469D03735ABB262225203FA40:evimage/ev40e.png
DF1D5D3F3ED8D93A6B2BB0E77E511C9588FEFFF91716BECE119C9910B2811943:evimage/large/large_ev13e.png
DFE608DBF1B3111855BF4A23744B6FAB04B0733313E1F8591EE7124D3BED3339:evimage/ev11b.png
E008D645A59EC6EE66A40E8D12769F714108E60DF6CC23CF32A0B09D73EED36B:evimage/ev57c.png
E02A28A6817F5D598E80B44AFE7E35EB96AC6BD77559966F1D305A71312318E6:evimage/ev58i.png
E05B846181F7578FF0B8F06BB60584EA17ACDCF1FC339F299125869F73107FE8:evimage/ev43i.png
E08C4C5CC0B8E236FB2AF3E3F3C030658F00ACCF00EF624A61106FE25741C533:evimage/ev46b.png
E0EF08FE74DA255711B3C1CC78DCB59E44D55D9CA5C5A8A5A32593402434BCA4:evimage/large/large_ev53c.png
E10EF388B1E56AF71183E61E92D89161CB7BE5AD90A5B401D909264D12569C0A:evimage/large/large_ev53f.png
E19AF1D7D7967518A496C7687396F71BFE9765143770D817628E221879215BF1:evimage/ev52k.png
E1A707AFFA6A75375FF60A6D5CA8A323D26F740E6E9BA0994D35180548E4C836:evimage/ev21f.png
E2439849A78529BDFA3A2296CF9B14FDBDD8CBEC5BD3F5A034C871CC67DF969E:evimage/ev52h.png
E25CE8B08949B45155AC5E7C6AE696A93088FB3799D9389652ED9470EC09B8A2:evimage/ev45a.png
E25F37E9B1C23E2A171EDD82ED08DF3388C50099328ADF55EAD650296A04BF18:evimage/ev63f.png
E28E7E25A04592197A401989520A00610E74C5A13CECC947BDE2EA5C97079D9D:evimage/ev30a.png
E3B6CF267C610DC4326F63D8E528442EF59FEA1CDF2F89E2182712D3B1DE6B62:evimage/large/large_ev02n.png
E4216EB69FE3F201E4DDE8CEC08657B28BE5FC644082906F958E9BCECBA9E6F4:evimage/large/large_ev64f.png
E44D5A1726000551232AD83515E0099B7C082BB77F81B680B442CB4289357DF2:evimage/ev47n.png
E45B83932E7D2EBC1C70A9B686B0663716B4D109EDA58131DBCF960215E505F8:evimage/large/large_ev01l.png
E45E9634CF0C330EAF9F13FC785716A068079A12FC13E91FFAD0C47103EF17AE:evimage/large/large_ev61d.png
E496BC7374AE39A97AD77A36837C425CD74FE9559EF9692BF00854A0F20E873B:evimage/large/large_ev28q.png
E4D47D8FA9A1F2835651A5E42277E3092ACC7F1B550A58F530E4AD6B63FCD3AF:evimage/ev01d.png
E5B6750B3FABA2D75AD3F011AFD4651931563021A25D357D56A38E95E7D1F0B8:evimage/large/large_ev19d.png
E5E05D95B9CED3D0254D36CBF5BACC6FB171DBF8985C430C2D38874985CE1F13:evimage/ev13g.png
E5F464C7BAA5909023DD9B5141F8193ACBBB4D7D90FCF463C4FBD67CF2CB92C6:evimage/ev21n.png
E5F5C1D00D4E295EAB9B025CDD6463F86448B566FABA88CFABD96A84A73A0040:evimage/ev47b.png
E6108BF5146E6B88DBCC53CD9170EF04BEB06D33554D3CFE6732CC2E74DB2A5C:evimage/large/large_ev02k.png
E61EC7E9B19F5777280DA2D66EB65D3CE993E064DF11684176B6FCD4BA61E90D:evimage/ev30c.png
E621DF6F74B07473EED8DC8A596E2A4588D1EF8885709CD0C02AE7387F183083:evimage/ev59e.png
E63A87ABD4BA55266E365A781EEA38BAE8024DBB616FE4DC329D53A5FA75603A:evimage/ev29a.png
E6569731789F470B8538A552191779528B2A74E3D83BB45CF8D5418C00171E9A:evimage/ev29d.png
E693F8D6E3741F6956F7869BE9F2476302DAB3816B52001F27FFEE76D874FB8E:evimage/large/large_ev04e.png
E69AA021BE63CEBBBE7ECDDA6C35540B4383091424A6ACD7F14CFE40DF1F3B56:evimage/large/large_ev21f.png
E6D91BF3BBA13EF1F3140F278638AB0A0895A96385C8D9F3EC278BA348B6AB12:evimage/ev64f.png
E7367FC178D9473F59F68E785429354A608DB454FFBCBD221505C6A4F9D6D564:evimage/large/large_ev66a.png
E746FE80429C0CC146EB42290FBF2ED3D8BBF7042C4A62F7C69F3AC9E0CB5B0B:evimage/ev28h.png
E7E750A891C935D9E4B7E65AED1BD4B1454D092C2BC592F02371F1E643203622:evimage/large/large_ev13i.png
E80A249F631E2C9E6F2845D171454EB1DAA8E2D3CB75784F9D670F9E9B3E867B:evimage/ev14f.png
E88F1441987A5683F97F3A2FBA390C180B0F08FCA042138419F59671C5B2186E:evimage/ev09k.png
E90173A99B75B141E6ED795CB6D52F12724E7943CAA341C7B7993BE2EC69BF8F:evimage/large/large_ev15o.png
E913AAE9516B45F76CD0BDCF07C8DC44E3A653C5095112791C69B344D9EA4A16:evimage/ev51a.png
E9423FD79D91F65EA90BD5902DACFAECC62F02E602EF701D8C4BB201BB26C859:evimage/large/large_ev42b.png
E9A4704710DCAF99ECD1850999251E32936BB0EBCB6C88C8BF27BC0066CEE517:evimage/large/large_ev36d.png
E9AF468843D20B262FE5269E428F438E1E302D6B9F7A430838B7B2C91C69BE89:evimage/large/large_ev55i.png
EA1CD85E1F83584F7C37923D44079398011EF9CA231A01FAFB5283D7A43FC2F2:evimage/large/large_ev03d.png
EA3D1B7CF812301BF30196B0E835B0B5E4EA58C658A9C40AC97638E6F63AD8DD:evimage/ev12a.png
EA5F68800023943F1D6E385B6484C1B856B199CF75B0481E979CCE1739D054BF:evimage/ev28o.png
EA74B74461CA6D7651AC4D7A3813F883094FA91D4F2C0E28195144853BC0EAC0:evimage/ev15f.png
EA8DDB0A4DEE2247EC1F1AE8D63B37118D6F1C3A32CFF36FDA13A90398120EDD:evimage/ev55k.png
EAACAD25B3EFBE2444AF696E74F8B64B6B6DA4F5B7B8F229661F2EFA371185E7:evimage/ev55b.png
EAF03D23884ECA42947CBE92F9E405406329053FEF5E7E168D5FCA3BDAD7C4B1:evimage/ev65g.png
EB06AA30E66D3FFC572F1D3A309A821D0B0760CCB3AD6626E0EC716A1286741E:evimage/large/large_ev53e.png
EB3133AA1C1CCC06B03BE4FCEA282353C9C801ADF9E0486C7A99981DBE8DFC52:evimage/ev12c.png
EB59E85EDECE75F04723AC7D3CDD3B3329BBD4139388EE96183F86373EB5B7D7:evimage/large/large_ev22f.png
EBCA38E3B90749F377B698C8444AD047FD8E1354B2210016496765244E337F3E:evimage/ev09b.png
EBD2427C640A052786CBC35413C7C590C602E9BD018844A9DF011AE5196D4AC9:evimage/ev15m.png
EC05D5C76878FAE9F238512524BF0C551E17CF1201352B3DE28972D45A857C4C:evimage/large/large_ev13d.png
ED16A34F97194F829A9C653FD247A78D72BE980FAB22A6B24FEFD33CC5D1F375:evimage/large/large_ev66k.png
ED2C7D9E9684FE429A044461BBC0A9851EA2B9F12A73EBD6A43E265D6C54AC38:evimage/ev29f.png
ED4F1F87FE214FD826A9EFD87F451EAC51AB5DA32A73D5D3E4FC4AB3E80D706C:evimage/ev63a.png
ED60C104EE24E4CE9A86689432E9AD71B79A1545D27F02671BA984F6180A0283:evimage/large/large_ev26f_n.png
EE1AB0C945398112B18B4C719FBF3368CE3BD4CE45A8A9515B9647E68A7EE3A9:evimage/large/large_ev60q.png
EE5C9E84E4037ADB8A9918F396ED6A23B45CC139893B4BFECF0C3DA9F799AF99:evimage/large/large_ev25g.png
EECF54A0F34F9F4F8B10E5DA1BCA3407A97623B2299C62104602538C3B289EF7:evimage/large/large_ev28d.png
EF09E78D1D9ADA5C7706A643EF4C3BF7D9DE18D3A636DB4D9C0CC628615E00BB:evimage/ev24b.png
EF1A8169EBDD74F2E6FBCBCC869F97DC3A6DB57ECB7999B349F3842FE01D7ED7:evimage/ev19a.png
EF29F8EA7AA260E4659463DB62540334A08A3C9D99B5C1DE5B12BD795F141DC6:evimage/large/large_ev39a.png
EF327E64A5E64D3D9D59D92A49038AD10DD83DACDCE64965222A9E2F6724279C:evimage/large/large_ev25f.png
EF3969C5217121B03B8214D8DE6CE064EF1D0225A68CB1AA19D05B9F2C47615B:evimage/large/large_ev17a.png
EF6ACA23EA07F121DB5D3A61ACE6EF8B7B6E964150C46CF23C4DA44B8323E163:evimage/large/large_ev64e.png
EFB238F56330B762FFFCCC41ACE9EC0F7CF25BC076CBAE228242A0AEE0A8F931:evimage/ev10i.png
EFBCAD708826EB82CCCEEB26C2FCA1AA94C09E009FBA9FD87D1052FD2C3A5A2A:evimage/ev56h.png
EFD848890BAC649B5883F9574E591D8F6225B04FB6FE268BA323E75320F4F309:evimage/ev56e.png
F046449CFE5897A9389049791EA5DB99412BBD4680AA549736919EA99072EB62:evimage/ev29b.png
F07EEE0FD1DD3BFA7AE79E5932E9A847265E13315879194B9583EE3FF50C656B:evimage/ev29o.png
F082CE84FFF7FDFF6CDFD520E44108C2A7C301E4A0ABDA253642D3C0E2656AD8:evimage/ev47v.png
F0A157F07AC542D89A1BCF504E645E379946AB3844DA3C7E715438481CFC439F:evimage/ev30d.png
F0F80A3103954E1057219885E21794683F81C0290040E7FD6F2C5EB79E7B3A80:evimage/ev44a.png
F111A73F95607FFD6C7F04BB73B617BEEDF701717D1B5404DC519857E0D5EA9D:evimage/large/large_ev53d.png
F1483C2C3A4B1DBE5C47D3D9B948D689C147441707BF01A5B81816A30A65B674:evimage/large/large_ev57n.png
F178F94E5E06A7B698452477CBF08829D52D97D4FD1CA815C962916511DBB595:evimage/ev67b.png
F22FD8CF5090B3A993CF26F83680920D17EA6703F0E2F826CE06C833E9CB3326:evimage/large/large_ev21k.png
F25526DA264B58ED6C5FC106C1BD797CCA84EEFC9523EDE78C46689E79162810:evimage/ev10k.png
F25CEB648C0E1C33951EB7A4F37471D9BAC575898B1B3C520F1209901AD16385:evimage/ev67d.png
F27AE01B64C77FEE072CF7FAB929C847B0540C68D05B9265539D256533A3DBFD:evimage/large/large_ev52i.png
F287F7104490B704AD1CED898446C93680E82BD90DE604000AB6B69DA0D84AD7:evimage/ev14h.png
F2A6524DB6069F564236597633518DD982517AB938DB54778D677D25859A0E7C:evimage/large/large_ev18a.png
F2AE63911BAAE9B93A02D3EB2561F7A473224C7935C8B10252996425C2157D08:evimage/large/large_ev60e.png
F2CF88B1BF9D493C2DFB665C880BB241BFD92EC9BC5A05F441B0E0C3E60C65DC:evimage/ev05e.png
F2CFFA6CA75A85A36B0466EBFC49B0547C771E3D03524E8F92434D99B89CA2F0:evimage/large/large_ev60l.png
F380690BDA1DF7CF1FE4BA990076B91EC7DA783D375CD90CF3B2EBBE9E12A6CA:evimage/ev10b.png
F396B4F9F716AECEBD0226912E1650FDEC3D1085DB0ADA7888E5F2C1EB230E55:evimage/ev23a.png
F404399F7860499D1F4EC69F50F470B9C26329B4A9A91D53736A7093370BA2FD:evimage/ev47d.png
F40A10CEBBA2EBF2846995E90FDD9732B1C71EF479AC03C0D9F3E2874D693DB7:evimage/large/large_ev19p.png
F42798B4D12496A2F9F67C030515E1D834B6556880B4DE28660CB50DC85B1394:evimage/large/large_ev55d.png
F48BA005B41E46BEE7309827D2F298EA4D222CAD8424130767DAA3D62E7C3C48:evimage/ev55d.png
F4DD56B83DF522D3167D0AECE3E824F9E2430D142ADF3FE0CF340EEAC71148F9:evimage/large/large_ev52g.png
F4E3EC443FCBF252F6726E97FC1A294C747B0C2A3D3F0A3E9ED24AD94E141D37:evimage/ev59i.png
F4F837153202218815991BFDA21CE8CF04134075133AD210505FCAE598E53B51:evimage/ev18l.png
F5071DA9C162B050CBCB1A886760725E18235CBA77EB83CA4ECD59C4B6ACB14A:evimage/ev43b.png
F51456524BBD1C45041EAD960B46492D573C75D45523BF9E0BF6ED27CEF2E1D8:evimage/ev18f.png
F56CA28C946FAA891B988134407FAB1EA152D6F375781EE46B441589A9BA1EED:evimage/ev41i.png
F584F027585683B939389AEE7DB91F657C4FD5C2EA0B4F49A91A711035A66AC2:evimage/large/large_ev60p.png
F58916C531576B21D5BDDD13148684FD1CE052A23EFDDBB9B45E43F8B8CA6874:evimage/large/large_ev02o.png
F5CD48F4AE37253BF458E7976432306638656CBFDB568B4CBD769AC61633301E:evimage/large/large_ev11j.png
F6A4072E38EB6E85D21B5D057AA0C22F8DA5DFCA29CB812DAAB62421649D21BC:evimage/large/large_ev18e.png
F6BB6E98C724E6AD7E7AE379D81EF0CE895E99964BEAF57B02CEDBD01AEBFEA9:evimage/ev33c.png
F6C050A20524AB5FDE132753197E0CB8D7B3A81FE1F8AC85C22B4521119AB05D:evimage/large/large_ev01e.png
F782F8ABC2FD2D02B581BA2F5A4A755F365FB9109AE896AC0B1D131EB41CCC1C:evimage/ev48a.png
F82FC9EF9F1E1D64B684CADAB25FFE191B808D9ACAF5C9837FAFE49F2CA5E184:evimage/ev26s2.png
F860C9C0C84FCFDDA631726633193EE6AB09C81B1454A07CAF17856833F6887B:evimage/large/large_ev23g.png
F8760B126077C1741E80F09477955FE9EF8735114852CBE858AEC86CBEDDA42C:evimage/ev65a.png
F8C11A686ED48A27BB4063AB34E7234E63EC69700CC95E26F9130F51C8B1D855:evimage/large/large_ev28l.png
F8F7C5CE530CF84F8FA0E6056E077E3BCD58437CF2604DFB17DD2AC4A280CA65:evimage/ev11l.png
F9218112E41C7A72ABF166AD8C60B0123E8240E79371BFB0DA61D4F3A251D815:evimage/ev26m2_n.png
F99145AD91B1CFBCF7AD99958F75A856638945CF7746E3DC25F224E6C89DF262:evimage/ev06g.png
F9C1CE839B5E0B747D84403EB1539E47065376E8F908B56FA5A82A4696D8D1FF:evimage/ev60o.png
F9CC7392A803194AE35A507577D664DB5C89BA7E02C56A0169D8ECA2202A480E:evimage/large/large_ev22c.png
FA1DBD0ACFCE2B9F6B11E4A0B4B119FE745DE5A4813D84812566B03CE9FC54DC:evimage/ev31c.png
FA517B2045BC650C0DFEC972C63603794B73841045FB19A834B5B5805C2F2C14:evimage/ev24c.png
FA65F258E892D335C25318CFEB17D552FA82749C06A97392D843A1DA2DD612C6:evimage/ev46j.png
FAA17D5F8D4AB37AF2DCD8FBC66B6538FF280650A405B81FB4075F415414F489:evimage/ev47p.png
FAF0B88855013B45E439CF4D680856F1D3A83D67EE393C05F27E61A42F0F755E:evimage/ev27c.png
FAF2E97931924BF13D4AAACDCF44E93DE580164A2DF29F003DA3AC8D11FB14F2:evimage/ev66k.png
FB0BE75FA33BB79E17FB363E549F60A53655A75EEC2D6B444EE49CBD96897391:evimage/ev57h.png
FB20A80042D97E32B9E9821CAAEB66F27A000283D764609E4BDA60E6EFBC2741:evimage/ev18g.png
FB35AB6F0AA6D414412F1686941D64369501E62C9493A8857F4E6B1FFC557AE0:evimage/large/large_ev18j.png
FB670E0A9A96B3D2D51977E4CF3F6EAE86D724D9C25B597A56840B5C6F5AA914:evimage/large/large_ev22d.png
FB964180CB362BD1EEB16803AF4832634B6AB2B3AC3802A680D87A28E60DB670:evimage/large/large_ev66c.png
FBE3411BD40E5107D5CEA9CA696C43F1698C6EA4FC3C142C6A4A5EEAEB842A2A:evimage/large/large_ev10j.png
FC6BA6685EF183D1EBD518072ACE03F0BAECA4F5350D248885F906EC96D5CDF9:evimage/ev05c.png
FD307288E2748219ABBCA6D1723EDB78E03E3C7E01B5601D57976F4412137A6F:evimage/ev47t.png
FD4A06EA2EF386B173064035388D0ABD99A17D3789EB42E6FB71579E01295901:evimage/ev27m.png
FD4DF0F67D40A55BB6E55CE0E32F1813ED1257C6174376518237ADDEE1957BE3:evimage/large/large_ev54b.png
FD62BCA3249C20D93E381C760655800A9D335F2BFA0C1BB58299EEFF9A2B9B59:evimage/large/large_ev14h.png
FDA20703952FDF48F3D4244D34F472D701A08C2BAC4ED8C7BF16F809B24464CE:evimage/ev15c.png
FDA9616AA5422EDCB7B252B534051F73124C40F424606BD4A40737135BDB2708:evimage/large/large_ev53g.png
FE0ECE34D75DCC51ABBD61DC40D6E31CE79068C3FD7A1A64530FE694B67A85BA:evimage/ev46e.png
FE50CE4614490934E579621C3499925808D37EDDB44C739323ADB4E7CD70E1C2:evimage/ev25h@.png
FE76ABC12F2A3340A163AF649E01D54569788825EB66AE306C0E9B9AC6FF8444:evimage/ev02e.png
FF7FE8896644713642C50DFE6B08BCCABD49DB8F7ABA8F04C70836498A83CD37:evimage/large/large_ev26p2_n.png
FFD200AAF883167373C01DD88A1316949BA7DF941ECE162026B6B0C7A6392167:evimage/large/large_ev38a.png
FFE89FCDB0BBB46B7AECB3A12EDFD6BF996CBF51F2A4E9E8EAD660D5E5A6E5A7:evimage/ev31a.png
